Component: ARM Compiler 5.06 update 7 (build 960) Tool: armlink [4d3601]

==============================================================================

Section Cross References

    main.o(i.main) refers to wtn6040.o(i.Init_WTN6040) for Init_WTN6040
    main.o(i.main) refers to led.o(i.LED_Init) for LED_Init
    main.o(i.main) refers to rs485_driver.o(i.RS485_Init) for RS485_Init
    main.o(i.main) refers to timer.o(i.Timer_Init) for Timer_Init
    main.o(i.main) refers to dmg80480c043_01wtc.o(i.SCREENInit) for SCREENInit
    main.o(i.main) refers to varmalloc.o(i.VarMalloc) for VarMalloc
    main.o(i.main) refers to round_robin_sche.o(i.TaskProcess) for TaskProcess
    led.o(i.LED_TASK) refers to ac78xx_gpio.o(i.GPIO_SetPinBits) for GPIO_SetPinBits
    led.o(i.LED_TASK) refers to led.o(.data) for counter
    led.o(i.LED_TASK) refers to led.o(.bss) for data
    led.o(i.Led_Control) refers to led.o(.bss) for data
    timer.o(i.TIM1_Task) refers to ac78xx_timer.o(i.TIMER_GetIntFlag) for TIMER_GetIntFlag
    timer.o(i.TIM1_Task) refers to timer.o(i.Task_Wait_One_Frame) for Task_Wait_One_Frame
    timer.o(i.TIM1_Task) refers to timer.o(i.Task_Wait_Respond_Timeout) for Task_Wait_Respond_Timeout
    timer.o(i.TIM1_Task) refers to led.o(i.LED_TASK) for LED_TASK
    timer.o(i.TIM1_Task) refers to round_robin_sche.o(i.TaskRemarks) for TaskRemarks
    timer.o(i.TIM1_Task) refers to ac78xx_timer.o(i.TIMER_ClrIntFlag) for TIMER_ClrIntFlag
    timer.o(i.Task_Wait_One_Frame) refers to dmg80480c043_01wtc.o(.data) for pSCREEN_PRO
    timer.o(i.Task_Wait_Respond_Timeout) refers to dmg80480c043_01wtc.o(.data) for pSCREEN_PRO
    timer.o(i.Timer_Init) refers to ac78xx_timer.o(i.TIMER_SetCallback) for TIMER_SetCallback
    timer.o(i.Timer_Init) refers to ac78xx_timer.o(i.TIMER_Init) for TIMER_Init
    timer.o(i.Timer_Init) refers to timer.o(i.TIM1_Task) for TIM1_Task
    round_robin_sche.o(i.TaskProcess) refers to round_robin_sche.o(.data) for TaskComps
    round_robin_sche.o(i.TaskRemarks) refers to round_robin_sche.o(.data) for TaskComps
    round_robin_sche.o(.data) refers to demo.o(i.SendRequst) for SendRequst
    round_robin_sche.o(.data) refers to demo.o(i.Led_Control_Task) for Led_Control_Task
    round_robin_sche.o(.data) refers to demo.o(i.Task_Screen) for Task_Screen
    round_robin_sche.o(.data) refers to demo.o(i.Show_Torsional_Value_Task) for Show_Torsional_Value_Task
    round_robin_sche.o(.data) refers to demo.o(i.Show_Ceiling_Floor_Value_Task) for Show_Ceiling_Floor_Value_Task
    round_robin_sche.o(.data) refers to demo.o(i.RGY_Light_Task) for RGY_Light_Task
    round_robin_sche.o(.data) refers to demo.o(i.Speaker_Task) for Speaker_Task
    rs485_driver.o(i.RS485_Init) refers to ac78xx_gpio.o(i.GPIO_SetFunc) for GPIO_SetFunc
    rs485_driver.o(i.RS485_Init) refers to ac78xx_uart.o(i.UART_Init) for UART_Init
    rs485_driver.o(i.RS485_Init) refers to ac78xx_uart.o(i.UART_SetEventCallback) for UART_SetEventCallback
    rs485_driver.o(i.RS485_Init) refers to ac78xx_gpio.o(i.GPIO_SetDir) for GPIO_SetDir
    rs485_driver.o(i.RS485_Init) refers to rs485_driver.o(i.UART_IRQHandler) for UART_IRQHandler
    rs485_driver.o(i.UART5_SendString) refers to ac78xx_gpio.o(i.GPIO_SetPinBits) for GPIO_SetPinBits
    rs485_driver.o(i.UART5_SendString) refers to ac78xx_gpio.o(i.GPIO_ResetPinBits) for GPIO_ResetPinBits
    rs485_driver.o(i.UART_IRQHandler) refers to rs485_driver.o(.data) for rx5Buf
    rs485_driver.o(i.UART_IRQHandler) refers to demo.o(.data) for Torque_value
    demo.o(i.Led_Control_Task) refers to led.o(i.Led_Control) for Led_Control
    demo.o(i.Led_Control_Task) refers to fflti.o(.text) for __aeabi_i2f
    demo.o(i.Led_Control_Task) refers to fadd.o(.text) for __aeabi_fadd
    demo.o(i.Led_Control_Task) refers to cfcmple.o(.text) for __aeabi_cfcmple
    demo.o(i.Led_Control_Task) refers to ffixui.o(.text) for __aeabi_f2uiz
    demo.o(i.Led_Control_Task) refers to workmode.o(.data) for CurrentIndex1
    demo.o(i.Led_Control_Task) refers to demo.o(.data) for Torque_value
    demo.o(i.RGY_Light_Task) refers to ffltui.o(.text) for __aeabi_ui2f
    demo.o(i.RGY_Light_Task) refers to cfcmple.o(.text) for __aeabi_cfcmple
    demo.o(i.RGY_Light_Task) refers to dmg80480c043_01wtc.o(i.SCREENWriteVarCmd) for SCREENWriteVarCmd
    demo.o(i.RGY_Light_Task) refers to cfrcmple.o(.text) for __aeabi_cfrcmple
    demo.o(i.RGY_Light_Task) refers to workmode.o(.data) for CurrentIndex1
    demo.o(i.RGY_Light_Task) refers to demo.o(.data) for show_num
    demo.o(i.SendRequst) refers to rs485_driver.o(i.UART5_SendString) for UART5_SendString
    demo.o(i.SendRequst) refers to demo.o(.data) for ReadMeasuredValue
    demo.o(i.Show_Ceiling_Floor_Value_Task) refers to dmg80480c043_01wtc.o(i.SCREENWriteVarCmd) for SCREENWriteVarCmd
    demo.o(i.Show_Ceiling_Floor_Value_Task) refers to workmode.o(.data) for Ceiling_Value
[...]
    E:/Program Files (x86)/keil_v5/Local/Arm/Packs/AutoChips/AC781x_DFP/1.1.3/ATC_Driver/Drivers/SPI/ac78xx_spi.c 0x00000000   Number         0  ac78xx_spi.o ABSOLUTE
    E:/Program Files (x86)/keil_v5/Local/Arm/Packs/AutoChips/AC781x_DFP/1.1.3/ATC_Driver/Drivers/SerialFlash/ac78xx_serialflash.c 0x00000000   Number         0  ac78xx_serialflash.o ABSOLUTE
    E:/Program Files (x86)/keil_v5/Local/Arm/Packs/AutoChips/AC781x_DFP/1.1.3/ATC_Driver/Drivers/TIMER/ac78xx_timer.c 0x00000000   Number         0  ac78xx_timer.o ABSOLUTE
    E:/Program Files (x86)/keil_v5/Local/Arm/Packs/AutoChips/AC781x_DFP/1.1.3/ATC_Driver/Drivers/UART/ac78xx_uart.c 0x00000000   Number         0  ac78xx_uart.o ABSOLUTE
    E:/Program Files (x86)/keil_v5/Local/Arm/Packs/AutoChips/AC781x_DFP/1.1.3/ATC_Driver/Drivers/WDG/ac78xx_wdg.c 0x00000000   Number         0  ac78xx_wdg.o ABSOLUTE
    E:/Program Files (x86)/keil_v5/Local/Arm/Packs/AutoChips/AC781x_DFP/1.1.3/ATC_Driver/Drivers/eFlash/ac78xx_eflash.c 0x00000000   Number         0  ac78xx_eflash.o ABSOLUTE
    E:\Program Files (x86)\keil_v5\Local\Arm\Packs\AutoChips\AC781x_DFP\1.1.3\ATC_Driver\Drivers\ACMP\ac78xx_acmp.c 0x00000000   Number         0  ac78xx_acmp.o ABSOLUTE
    E:\Program Files (x86)\keil_v5\Local\Arm\Packs\AutoChips\AC781x_DFP\1.1.3\ATC_Driver\Drivers\ADC\ac78xx_adc.c 0x00000000   Number         0  ac78xx_adc.o ABSOLUTE
    E:\Program Files (x86)\keil_v5\Local\Arm\Packs\AutoChips\AC781x_DFP\1.1.3\ATC_Driver\Drivers\CAN\ac78xx_can.c 0x00000000   Number         0  ac78xx_can.o ABSOLUTE
    E:\Program Files (x86)\keil_v5\Local\Arm\Packs\AutoChips\AC781x_DFP\1.1.3\ATC_Driver\Drivers\CRC\ac78xx_crc.c 0x00000000   Number         0  ac78xx_crc.o ABSOLUTE
    E:\Program Files (x86)\keil_v5\Local\Arm\Packs\AutoChips\AC781x_DFP\1.1.3\ATC_Driver\Drivers\CTU\ac78xx_ctu.c 0x00000000   Number         0  ac78xx_ctu.o ABSOLUTE
    E:\Program Files (x86)\keil_v5\Local\Arm\Packs\AutoChips\AC781x_DFP\1.1.3\ATC_Driver\Drivers\DMA\ac78xx_dma.c 0x00000000   Number         0  ac78xx_dma.o ABSOLUTE
    E:\Program Files (x86)\keil_v5\Local\Arm\Packs\AutoChips\AC781x_DFP\1.1.3\ATC_Driver\Drivers\GPIO\ac78xx_gpio.c 0x00000000   Number         0  ac78xx_gpio.o ABSOLUTE
    E:\Program Files (x86)\keil_v5\Local\Arm\Packs\AutoChips\AC781x_DFP\1.1.3\ATC_Driver\Drivers\IIC\ac78xx_i2c.c 0x00000000   Number         0  ac78xx_i2c.o ABSOLUTE
    E:\Program Files (x86)\keil_v5\Local\Arm\Packs\AutoChips\AC781x_DFP\1.1.3\ATC_Driver\Drivers\LIN\ac78xx_lin.c 0x00000000   Number         0  ac78xx_lin.o ABSOLUTE
    E:\Program Files (x86)\keil_v5\Local\Arm\Packs\AutoChips\AC781x_DFP\1.1.3\ATC_Driver\Drivers\PWDT\ac78xx_pwdt.c 0x00000000   Number         0  ac78xx_pwdt.o ABSOLUTE
    E:\Program Files (x86)\keil_v5\Local\Arm\Packs\AutoChips\AC781x_DFP\1.1.3\ATC_Driver\Drivers\PWM\ac78xx_pwm.c 0x00000000   Number         0  ac78xx_pwm.o ABSOLUTE
    E:\Program Files (x86)\keil_v5\Local\Arm\Packs\AutoChips\AC781x_DFP\1.1.3\ATC_Driver\Drivers\RTC\ac78xx_rtc.c 0x00000000   Number         0  ac78xx_rtc.o ABSOLUTE
    E:\Program Files (x86)\keil_v5\Local\Arm\Packs\AutoChips\AC781x_DFP\1.1.3\ATC_Driver\Drivers\SPI\ac78xx_spi.c 0x00000000   Number         0  ac78xx_spi.o ABSOLUTE
    E:\Program Files (x86)\keil_v5\Local\Arm\Packs\AutoChips\AC781x_DFP\1.1.3\ATC_Driver\Drivers\SerialFlash\ac78xx_serialflash.c 0x00000000   Number         0  ac78xx_serialflash.o ABSOLUTE
    E:\Program Files (x86)\keil_v5\Local\Arm\Packs\AutoChips\AC781x_DFP\1.1.3\ATC_Driver\Drivers\TIMER\ac78xx_timer.c 0x00000000   Number         0  ac78xx_timer.o ABSOLUTE
    E:\Program Files (x86)\keil_v5\Local\Arm\Packs\AutoChips\AC781x_DFP\1.1.3\ATC_Driver\Drivers\UART\ac78xx_uart.c 0x00000000   Number         0  ac78xx_uart.o ABSOLUTE
    E:\Program Files (x86)\keil_v5\Local\Arm\Packs\AutoChips\AC781x_DFP\1.1.3\ATC_Driver\Drivers\WDG\ac78xx_wdg.c 0x00000000   Number         0  ac78xx_wdg.o ABSOLUTE
    E:\Program Files (x86)\keil_v5\Local\Arm\Packs\AutoChips\AC781x_DFP\1.1.3\ATC_Driver\Drivers\eFlash\ac78xx_eflash.c 0x00000000   Number         0  ac78xx_eflash.o ABSOLUTE
    RTE/Board_Support/AC7811QBFE/ac78xx_debugout.c 0x00000000   Number         0  ac78xx_debugout.o ABSOLUTE
    RTE/Device/AC7811QBFE/ac78xx_ckgen.c     0x00000000   Number         0  ac78xx_ckgen.o ABSOLUTE
    RTE/Device/AC7811QBFE/ac78xx_spm.c       0x00000000   Number         0  ac78xx_spm.o ABSOLUTE
    RTE/Device/AC7811QBFE/startup_ac78xx.s   0x00000000   Number         0  startup_ac78xx.o ABSOLUTE
    RTE/Device/AC7811QBFE/system_ac78xx.c    0x00000000   Number         0  system_ac78xx.o ABSOLUTE
    RTE\Board_Support\AC7811QBFE\ac78xx_debugout.c 0x00000000   Number         0  ac78xx_debugout.o ABSOLUTE
    RTE\Device\AC7811QBFE\ac78xx_ckgen.c     0x00000000   Number         0  ac78xx_ckgen.o ABSOLUTE
    RTE\Device\AC7811QBFE\ac78xx_spm.c       0x00000000   Number         0  ac78xx_spm.o ABSOLUTE
    RTE\Device\AC7811QBFE\system_ac78xx.c    0x00000000   Number         0  system_ac78xx.o ABSOLUTE
    cdrcmple.s                               0x00000000   Number         0  cdrcmple.o ABSOLUTE
    cfcmple.s                                0x00000000   Number         0  cfcmple.o ABSOLUTE
    cfrcmple.s                               0x00000000   Number         0  cfrcmple.o ABSOLUTE
    dc.s                                     0x00000000   Number         0  dc.o ABSOLUTE
    handlers.s                               0x00000000   Number         0  handlers.o ABSOLUTE
    init.s                                   0x00000000   Number         0  init.o ABSOLUTE
    RESET                                    0x08000000   Section      284  startup_ac78xx.o(RESET)
    .ARM.Collect$$$$00000000                 0x0800011c   Section        0  entry.o(.ARM.Collect$$$$00000000)
    .ARM.Collect$$$$00000001                 0x0800011c   Section        4  entry2.o(.ARM.Collect$$$$00000001)
    .ARM.Collect$$$$00000004                 0x08000120   Section        4  entry5.o(.ARM.Collect$$$$00000004)
    .ARM.Collect$$$$00000008                 0x08000124   Section        0  entry7b.o(.ARM.Collect$$$$00000008)
    .ARM.Collect$$$$0000000A                 0x08000124   Section        0  entry8b.o(.ARM.Collect$$$$0000000A)
    .ARM.Collect$$$$0000000B                 0x08000124   Section        8  entry9a.o(.ARM.Collect$$$$0000000B)
    .ARM.Collect$$$$0000000E                 0x0800012c   Section        4  entry12b.o(.ARM.Collect$$$$0000000E)
    .ARM.Collect$$$$0000000F                 0x08000130   Section        0  entry10a.o(.ARM.Collect$$$$0000000F)
    .ARM.Collect$$$$00000011                 0x08000130   Section        0  entry11a.o(.ARM.Collect$$$$00000011)
    .ARM.Collect$$$$00002712                 0x08000130   Section        4  entry2.o(.ARM.Collect$$$$00002712)
    __lit__00000000                          0x08000130   Data           4  entry2.o(.ARM.Collect$$$$00002712)
    .text                                    0x08000134   Section       76  startup_ac78xx.o(.text)
    .text                                    0x08000180   Section        0  memcpya.o(.text)
    .text                                    0x080001a4   Section        0  memseta.o(.text)
    .text                                    0x080001c8   Section        0  fadd.o(.text)
    .text                                    0x08000278   Section        0  fmul.o(.text)
    .text                                    0x080002dc   Section        0  fdiv.o(.text)
    .text                                    0x08000358   Section        0  fflti.o(.text)
    .text                                    0x0800036a   Section        0  ffltui.o(.text)
    .text                                    0x08000374   Section        0  ffixui.o(.text)
    .text                                    0x0800039c   Section        0  ffixul.o(.text)
    .text                                    0x080003c8   Section       20  cfcmple.o(.text)
    .text                                    0x080003dc   Section       20  cfrcmple.o(.text)
    .text                                    0x080003f0   Section        0  uldiv.o(.text)
    .text                                    0x08000452   Section        0  llshl.o(.text)
    .text                                    0x08000470   Section        0  iusefp.o(.text)
    .text                                    0x08000470   Section        0  fepilogue.o(.text)
    .text                                    0x080004e0   Section       36  init.o(.text)
    .text                                    0x08000504   Section        0  llushr.o(.text)
    .text                                    0x08000524   Section        0  __dczerorl2.o(.text)
    i.ACMP0_IRQHandler                       0x0800057c   Section        0  ac78xx_acmp.o(i.ACMP0_IRQHandler)
    i.ACMP1_IRQHandler                       0x08000590   Section        0  ac78xx_acmp.o(i.ACMP1_IRQHandler)
    i.ADC_IRQHandler                         0x080005a4   Section        0  ac78xx_adc.o(i.ADC_IRQHandler)
    i.BKP_IRQHandler                         0x080005b8   Section        0  ac78xx_rtc.o(i.BKP_IRQHandler)
    i.CAN1_Handler                           0x0800060c   Section        0  ac78xx_can.o(i.CAN1_Handler)
    i.CAN2_Handler                           0x0800061c   Section        0  ac78xx_can.o(i.CAN2_Handler)
    i.CAN_HandleEvent                        0x0800062c   Section        0  ac78xx_can.o(i.CAN_HandleEvent)
    i.CKGEN_Enable                           0x08000700   Section        0  ac78xx_ckgen.o(i.CKGEN_Enable)
    i.CKGEN_SetAPBClockDivider               0x08000744   Section        0  ac78xx_ckgen.o(i.CKGEN_SetAPBClockDivider)
    i.CKGEN_SetPLLReference                  0x08000756   Section        0  ac78xx_ckgen.o(i.CKGEN_SetPLLReference)
    i.CKGEN_SetPllFeedbackDiv                0x08000768   Section        0  ac78xx_ckgen.o(i.CKGEN_SetPllFeedbackDiv)
    i.CKGEN_SetPllPostDiv                    0x08000780   Section        0  ac78xx_ckgen.o(i.CKGEN_SetPllPostDiv)
    i.CKGEN_SetPllPrevDiv                    0x08000798   Section        0  ac78xx_ckgen.o(i.CKGEN_SetPllPrevDiv)
    i.CKGEN_SetSFlashClock                   0x080007b0   Section        0  ac78xx_ckgen.o(i.CKGEN_SetSFlashClock)
    i.CKGEN_SetSysclkDiv                     0x080007d0   Section        0  ac78xx_ckgen.o(i.CKGEN_SetSysclkDiv)
    i.CKGEN_SetSysclkSrc                     0x080007e2   Section        0  ac78xx_ckgen.o(i.CKGEN_SetSysclkSrc)
    i.CKGEN_SoftReset                        0x080007f4   Section        0  ac78xx_ckgen.o(i.CKGEN_SoftReset)
    i.DMA10_IRQHandler                       0x08000838   Section        0  ac78xx_dma.o(i.DMA10_IRQHandler)
    i.DMA11_IRQHandler                       0x08000860   Section        0  ac78xx_dma.o(i.DMA11_IRQHandler)
    i.DMA12_IRQHandler                       0x08000888   Section        0  ac78xx_dma.o(i.DMA12_IRQHandler)
    i.DMA1_IRQHandler                        0x080008b0   Section        0  ac78xx_dma.o(i.DMA1_IRQHandler)
    i.DMA2_IRQHandler                        0x080008d8   Section        0  ac78xx_dma.o(i.DMA2_IRQHandler)
    i.DMA3_IRQHandler                        0x08000900   Section        0  ac78xx_dma.o(i.DMA3_IRQHandler)
    i.DMA4_IRQHandler                        0x08000928   Section        0  ac78xx_dma.o(i.DMA4_IRQHandler)
    i.DMA5_IRQHandler                        0x08000950   Section        0  ac78xx_dma.o(i.DMA5_IRQHandler)
    i.DMA6_IRQHandler                        0x08000978   Section        0  ac78xx_dma.o(i.DMA6_IRQHandler)
    i.DMA7_IRQHandler                        0x080009a0   Section        0  ac78xx_dma.o(i.DMA7_IRQHandler)
    i.DMA8_IRQHandler                        0x080009c8   Section        0  ac78xx_dma.o(i.DMA8_IRQHandler)
    i.DMA9_IRQHandler                        0x080009f0   Section        0  ac78xx_dma.o(i.DMA9_IRQHandler)
    i.DMA_ChannelHardRst                     0x08000a18   Section        0  ac78xx_dma.o(i.DMA_ChannelHardRst)
    DMA_ChannelHardRst                       0x08000a19   Thumb Code    20  ac78xx_dma.o(i.DMA_ChannelHardRst)
    i.DMA_ClearFlag                          0x08000a2c   Section        0  ac78xx_dma.o(i.DMA_ClearFlag)
    i.EXTI0_IRQHandler                       0x08000a48   Section        0  ac78xx_gpio.o(i.EXTI0_IRQHandler)
    i.EXTI10_15_IRQHandler                   0x08000a6c   Section        0  ac78xx_gpio.o(i.EXTI10_15_IRQHandler)
    i.EXTI1_IRQHandler                       0x08000ab8   Section        0  ac78xx_gpio.o(i.EXTI1_IRQHandler)
    i.EXTI2_IRQHandler                       0x08000adc   Section        0  ac78xx_gpio.o(i.EXTI2_IRQHandler)
    i.EXTI3_IRQHandler                       0x08000b00   Section        0  ac78xx_gpio.o(i.EXTI3_IRQHandler)
    i.EXTI4_IRQHandler                       0x08000b24   Section        0  ac78xx_gpio.o(i.EXTI4_IRQHandler)
    i.EXTI5_9_IRQHandler                     0x08000b48   Section        0  ac78xx_gpio.o(i.EXTI5_9_IRQHandler)
    i.GPIO_ClearPendingExtInt                0x08000b94   Section        0  ac78xx_gpio.o(i.GPIO_ClearPendingExtInt)
    i.GPIO_GetPMUXConfig                     0x08000bac   Section        0  ac78xx_gpio.o(i.GPIO_GetPMUXConfig)
    i.GPIO_GetPendingExtIntGPIONum           0x08000bc0   Section        0  ac78xx_gpio.o(i.GPIO_GetPendingExtIntGPIONum)
    i.GPIO_GetPendingIRQMask                 0x08000cb0   Section        0  ac78xx_gpio.o(i.GPIO_GetPendingIRQMask)
    i.GPIO_ResetPinBits                      0x08000cbc   Section        0  ac78xx_gpio.o(i.GPIO_ResetPinBits)
    i.GPIO_SetDir                            0x08000d24   Section        0  ac78xx_gpio.o(i.GPIO_SetDir)
    i.GPIO_SetFunc                           0x08000d9c   Section        0  ac78xx_gpio.o(i.GPIO_SetFunc)
    i.GPIO_SetGPIOxBRRx                      0x08000dc8   Section        0  ac78xx_gpio.o(i.GPIO_SetGPIOxBRRx)
    GPIO_SetGPIOxBRRx                        0x08000dc9   Thumb Code   242  ac78xx_gpio.o(i.GPIO_SetGPIOxBRRx)
    i.GPIO_SetGPIOxBSRRx                     0x08000eba   Section        0  ac78xx_gpio.o(i.GPIO_SetGPIOxBSRRx)
    GPIO_SetGPIOxBSRRx                       0x08000ebb   Thumb Code   242  ac78xx_gpio.o(i.GPIO_SetGPIOxBSRRx)
    i.GPIO_SetGPIOxMODE                      0x08000fac   Section        0  ac78xx_gpio.o(i.GPIO_SetGPIOxMODE)
    GPIO_SetGPIOxMODE                        0x08000fad   Thumb Code   192  ac78xx_gpio.o(i.GPIO_SetGPIOxMODE)
    i.GPIO_SetGPIOxODRx                      0x0800106c   Section        0  ac78xx_gpio.o(i.GPIO_SetGPIOxODRx)
    GPIO_SetGPIOxODRx                        0x0800106d   Thumb Code   192  ac78xx_gpio.o(i.GPIO_SetGPIOxODRx)
    i.GPIO_SetPinBits                        0x0800112c   Section        0  ac78xx_gpio.o(i.GPIO_SetPinBits)
    i.GPIO_SetPinValue                       0x08001194   Section        0  ac78xx_gpio.o(i.GPIO_SetPinValue)
    i.GetCanIndex                            0x0800120c   Section        0  ac78xx_can.o(i.GetCanIndex)
    GetCanIndex                              0x0800120d   Thumb Code    16  ac78xx_can.o(i.GetCanIndex)
    i.I2C1_IRQHandler                        0x08001220   Section        0  ac78xx_i2c.o(i.I2C1_IRQHandler)
    i.I2C2_IRQHandler                        0x08001248   Section        0  ac78xx_i2c.o(i.I2C2_IRQHandler)
    i.I2C_ClrStatus1                         0x08001270   Section        0  ac78xx_i2c.o(i.I2C_ClrStatus1)
    I2C_ClrStatus1                           0x08001271   Thumb Code     4  ac78xx_i2c.o(i.I2C_ClrStatus1)
    i.InitDelay                              0x08001274   Section        0  system_ac78xx.o(i.InitDelay)
    i.Init_WTN6040                           0x08001294   Section        0  wtn6040.o(i.Init_WTN6040)
    i.LED_Init                               0x080012ac   Section        0  led.o(i.LED_Init)
    i.LED_TASK                               0x080012e4   Section        0  led.o(i.LED_TASK)
    i.LIN0_Handler                           0x08001374   Section        0  ac78xx_lin.o(i.LIN0_Handler)
    i.Led_Control                            0x080013d0   Section        0  led.o(i.Led_Control)
    i.Led_Control_Task                       0x080013f8   Section        0  demo.o(i.Led_Control_Task)
    i.Line_2A_WTN6                           0x08001490   Section        0  wtn6040.o(i.Line_2A_WTN6)
    i.Menu_Pro                               0x08001500   Section        0  workmode.o(i.Menu_Pro)
    i.NMI_Handler                            0x0800160c   Section        0  ac78xx_spm.o(i.NMI_Handler)
    i.PMUX_SetPMUXxPFSELx                    0x08001668   Section        0  ac78xx_gpio.o(i.PMUX_SetPMUXxPFSELx)
    PMUX_SetPMUXxPFSELx                      0x08001669   Thumb Code   126  ac78xx_gpio.o(i.PMUX_SetPMUXxPFSELx)
    i.PWDT_IRQHandler                        0x080016e8   Section        0  ac78xx_pwdt.o(i.PWDT_IRQHandler)
    i.PWM0_IRQHandler                        0x080016fc   Section        0  ac78xx_pwm.o(i.PWM0_IRQHandler)
    i.PWM1_IRQHandler                        0x08001710   Section        0  ac78xx_pwm.o(i.PWM1_IRQHandler)
    i.PWM2_IRQHandler                        0x08001724   Section        0  ac78xx_pwm.o(i.PWM2_IRQHandler)
    i.PWM3_IRQHandler                        0x08001738   Section        0  ac78xx_pwm.o(i.PWM3_IRQHandler)
    i.RGY_Light_Task                         0x0800174c   Section        0  demo.o(i.RGY_Light_Task)
    i.RS485_Init                             0x080017f8   Section        0  rs485_driver.o(i.RS485_Init)
    i.RTC_ClrRPIF                            0x080018c0   Section        0  ac78xx_rtc.o(i.RTC_ClrRPIF)
    RTC_ClrRPIF                              0x080018c1   Thumb Code    18  ac78xx_rtc.o(i.RTC_ClrRPIF)
    i.RTC_ClrRTIF                            0x080018d8   Section        0  ac78xx_rtc.o(i.RTC_ClrRTIF)
    RTC_ClrRTIF                              0x080018d9   Thumb Code    16  ac78xx_rtc.o(i.RTC_ClrRTIF)
    i.RTC_IRQHandler                         0x080018ec   Section        0  ac78xx_rtc.o(i.RTC_IRQHandler)
    i.SCREENHandle                           0x0800190c   Section        0  dmg80480c043_01wtc.o(i.SCREENHandle)
    i.SCREENInit                             0x08001afc   Section        0  dmg80480c043_01wtc.o(i.SCREENInit)
    i.SCREENVarMalloc                        0x08001bbc   Section        0  dmg80480c043_01wtc.o(i.SCREENVarMalloc)
    i.SCREENWriteVarCmd                      0x08001cb0   Section        0  dmg80480c043_01wtc.o(i.SCREENWriteVarCmd)
    i.SCREEN_CLEAR_INF                       0x08001d78   Section        0  dmg80480c043_01wtc.o(i.SCREEN_CLEAR_INF)
    i.SCREENprintf                           0x08001dac   Section        0  dmg80480c043_01wtc.o(i.SCREENprintf)
    i.SPI1_IRQHandler                        0x08001f4c   Section        0  ac78xx_spi.o(i.SPI1_IRQHandler)
    i.SPI2_IRQHandler                        0x08001f6c   Section        0  ac78xx_spi.o(i.SPI2_IRQHandler)
    i.SPM_EnablePLL                          0x08001f8c   Section        0  ac78xx_spm.o(i.SPM_EnablePLL)
    i.SPM_EnableXOSC                         0x08001ff0   Section        0  ac78xx_spm.o(i.SPM_EnableXOSC)
    i.SPM_GetModuleWakeupSourceFlag          0x08002054   Section        0  ac78xx_spm.o(i.SPM_GetModuleWakeupSourceFlag)
    i.SPM_IRQHandler                         0x08002060   Section        0  ac78xx_spm.o(i.SPM_IRQHandler)
    i.SendRequst                             0x080020a4   Section        0  demo.o(i.SendRequst)
    i.SetEflashClock                         0x080020b4   Section        0  system_ac78xx.o(i.SetEflashClock)
    i.SetHSEClock                            0x08002124   Section        0  system_ac78xx.o(i.SetHSEClock)
    i.SetSysClock                            0x08002188   Section        0  system_ac78xx.o(i.SetSysClock)
    i.Show_Ceiling_Floor_Value_Task          0x08002190   Section        0  demo.o(i.Show_Ceiling_Floor_Value_Task)
    i.Show_Torsional_Value_Task              0x080021cc   Section        0  demo.o(i.Show_Torsional_Value_Task)
    i.Speaker_Task                           0x080021f8   Section        0  demo.o(i.Speaker_Task)
    i.Sustain_CeilingLed_ON                  0x08002268   Section        0  workmode.o(i.Sustain_CeilingLed_ON)
    i.Sustain_FloorLed_ON                    0x080022a4   Section        0  workmode.o(i.Sustain_FloorLed_ON)
    i.SysTickDelay                           0x080022e0   Section        0  system_ac78xx.o(i.SysTickDelay)
    SysTickDelay                             0x080022e1   Thumb Code    64  system_ac78xx.o(i.SysTickDelay)
    i.SysTickRepeatDelay                     0x08002320   Section        0  system_ac78xx.o(i.SysTickRepeatDelay)
    SysTickRepeatDelay                       0x08002321   Thumb Code    26  system_ac78xx.o(i.SysTickRepeatDelay)
    i.SystemInit                             0x0800233a   Section        0  system_ac78xx.o(i.SystemInit)
    i.TIM1_Task                              0x08002354   Section        0  timer.o(i.TIM1_Task)
    i.TIMER0_IRQHandler                      0x0800237c   Section        0  ac78xx_timer.o(i.TIMER0_IRQHandler)
    i.TIMER1_IRQHandler                      0x08002394   Section        0  ac78xx_timer.o(i.TIMER1_IRQHandler)
    i.TIMER2_IRQHandler                      0x080023ac   Section        0  ac78xx_timer.o(i.TIMER2_IRQHandler)
    i.TIMER3_IRQHandler                      0x080023c4   Section        0  ac78xx_timer.o(i.TIMER3_IRQHandler)
    i.TIMER4_IRQHandler                      0x080023dc   Section        0  ac78xx_timer.o(i.TIMER4_IRQHandler)
    i.TIMER5_IRQHandler                      0x080023f4   Section        0  ac78xx_timer.o(i.TIMER5_IRQHandler)
    i.TIMER6_IRQHandler                      0x0800240c   Section        0  ac78xx_timer.o(i.TIMER6_IRQHandler)
    i.TIMER7_IRQHandler                      0x08002424   Section        0  ac78xx_timer.o(i.TIMER7_IRQHandler)
    i.TIMER_ClrIntFlag                       0x0800243c   Section        0  ac78xx_timer.o(i.TIMER_ClrIntFlag)
    i.TIMER_GetIntFlag                       0x08002446   Section        0  ac78xx_timer.o(i.TIMER_GetIntFlag)
    i.TIMER_Init                             0x08002450   Section        0  ac78xx_timer.o(i.TIMER_Init)
    i.TIMER_ModuleEnable                     0x080024ec   Section        0  ac78xx_timer.o(i.TIMER_ModuleEnable)
    i.TIMER_SetCallback                      0x0800250c   Section        0  ac78xx_timer.o(i.TIMER_SetCallback)
    i.TaskProcess                            0x08002524   Section        0  round_robin_sche.o(i.TaskProcess)
    i.TaskRemarks                            0x08002560   Section        0  round_robin_sche.o(i.TaskRemarks)
    i.Task_Screen                            0x080025c4   Section        0  demo.o(i.Task_Screen)
    i.Task_Wait_One_Frame                    0x080025e4   Section        0  timer.o(i.Task_Wait_One_Frame)
    i.Task_Wait_Respond_Timeout              0x08002620   Section        0  timer.o(i.Task_Wait_Respond_Timeout)
    i.Timer_Init                             0x08002650   Section        0  timer.o(i.Timer_Init)
    i.UART1_IRQHandler                       0x0800268c   Section        0  ac78xx_uart.o(i.UART1_IRQHandler)
    i.UART2_IRQHandler                       0x08002696   Section        0  ac78xx_uart.o(i.UART2_IRQHandler)
    i.UART3_IRQHandler                       0x080026a0   Section        0  ac78xx_uart.o(i.UART3_IRQHandler)
    i.UART4_IRQHandler                       0x080026aa   Section        0  ac78xx_uart.o(i.UART4_IRQHandler)
    i.UART5_IRQHandler                       0x080026b4   Section        0  ac78xx_uart.o(i.UART5_IRQHandler)
    i.UART5_SendString                       0x080026c0   Section        0  rs485_driver.o(i.UART5_SendString)
    i.UART6_IRQHandler                       0x0800271c   Section        0  ac78xx_uart.o(i.UART6_IRQHandler)
    i.UART_IRQHandler                        0x08002728   Section        0  rs485_driver.o(i.UART_IRQHandler)
    i.UART_Init                              0x080027e8   Section        0  ac78xx_uart.o(i.UART_Init)
    i.UART_InterruptHandler                  0x0800292c   Section        0  ac78xx_uart.o(i.UART_InterruptHandler)
    UART_InterruptHandler                    0x0800292d   Thumb Code    68  ac78xx_uart.o(i.UART_InterruptHandler)
    i.UART_SendData                          0x08002978   Section        0  dmg80480c043_01wtc.o(i.UART_SendData)
    UART_SendData                            0x08002979   Thumb Code    44  dmg80480c043_01wtc.o(i.UART_SendData)
    i.UART_SetBaudrate                       0x080029a4   Section        0  ac78xx_uart.o(i.UART_SetBaudrate)
    i.UART_SetDataBits                       0x08002a70   Section        0  ac78xx_uart.o(i.UART_SetDataBits)
    UART_SetDataBits                         0x08002a71   Thumb Code   120  ac78xx_uart.o(i.UART_SetDataBits)
    i.UART_SetEventCallback                  0x08002ae8   Section        0  ac78xx_uart.o(i.UART_SetEventCallback)
    i.UART_SetParity                         0x08002b20   Section        0  ac78xx_uart.o(i.UART_SetParity)
    UART_SetParity                           0x08002b21   Thumb Code   102  ac78xx_uart.o(i.UART_SetParity)
    i.Uart6_IRQHandler                       0x08002b88   Section        0  dmg80480c043_01wtc.o(i.Uart6_IRQHandler)
    i.VarMalloc                              0x08002c28   Section        0  varmalloc.o(i.VarMalloc)
    i.Watchdog_IRQHandler                    0x08002c60   Section        0  ac78xx_wdg.o(i.Watchdog_IRQHandler)
    i.WriteBitsValue                         0x08002c8c   Section        0  system_ac78xx.o(i.WriteBitsValue)
    i.__0printf$5                            0x08002cac   Section        0  printf5.o(i.__0printf$5)
    i.__NVIC_DisableIRQ                      0x08002ccc   Section        0  ac78xx_timer.o(i.__NVIC_DisableIRQ)
    __NVIC_DisableIRQ                        0x08002ccd   Thumb Code    30  ac78xx_timer.o(i.__NVIC_DisableIRQ)
    i.__scatterload_copy                     0x08002cf0   Section       14  handlers.o(i.__scatterload_copy)
    i.__scatterload_null                     0x08002cfe   Section        2  handlers.o(i.__scatterload_null)
    i.__scatterload_zeroinit                 0x08002d00   Section       14  handlers.o(i.__scatterload_zeroinit)
    i._printf_core                           0x08002d10   Section        0  printf5.o(i._printf_core)
    _printf_core                             0x08002d11   Thumb Code   660  printf5.o(i._printf_core)
    i.fputc                                  0x08002fd0   Section        0  ac78xx_debugout.o(i.fputc)
    i.itoa                                   0x08003010   Section        0  dmg80480c043_01wtc.o(i.itoa)
    i.main                                   0x08003072   Section        0  main.o(i.main)
    i.malloc                                 0x08003094   Section        0  malloc.o(i.malloc)
    i.mdelay                                 0x08003100   Section        0  system_ac78xx.o(i.mdelay)
    i.udelay                                 0x08003124   Section        0  system_ac78xx.o(i.udelay)
    .constdata                               0x08003148   Section      560  ac78xx_gpio.o(.constdata)
    s_gpioPinmuxTable                        0x08003148   Data         560  ac78xx_gpio.o(.constdata)
    .constdata                               0x08003378   Section       40  ac78xx_timer.o(.constdata)
    s_timerCtrlMap                           0x08003378   Data          32  ac78xx_timer.o(.constdata)
    s_timerIrqnCtrlMap                       0x08003398   Data           8  ac78xx_timer.o(.constdata)
    .constdata                               0x080033a0   Section       96  ac78xx_uart.o(.constdata)
    s_uartCtrlMap                            0x080033a0   Data          24  ac78xx_uart.o(.constdata)
    .data                                    0x20000000   Section        2  led.o(.data)
    counter                                  0x20000001   Data           1  led.o(.data)
    .data                                    0x20000004   Section       84  round_robin_sche.o(.data)
    TaskComps                                0x20000004   Data          84  round_robin_sche.o(.data)
    .data                                    0x20000058   Section        3  rs485_driver.o(.data)
    RxState                                  0x20000059   Data           1  rs485_driver.o(.data)
    pRxpacket                                0x2000005a   Data           1  rs485_driver.o(.data)
    .data                                    0x2000005c   Section       22  demo.o(.data)
    .data                                    0x20000074   Section       24  workmode.o(.data)
    .data                                    0x2000008c   Section       20  dmg80480c043_01wtc.o(.data)
    revtemp                                  0x2000009f   Data           1  dmg80480c043_01wtc.o(.data)
    .data                                    0x200000a0   Section        8  varmalloc.o(.data)
    .data                                    0x200000a8   Section        8  ac78xx_debugout.o(.data)
    s_debugInit                              0x200000a8   Data           1  ac78xx_debugout.o(.data)
    .data                                    0x200000b0   Section        8  ac78xx_acmp.o(.data)
    s_acmpCallback                           0x200000b0   Data           8  ac78xx_acmp.o(.data)
    .data                                    0x200000b8   Section        4  ac78xx_adc.o(.data)
    .data                                    0x200000bc   Section       48  ac78xx_i2c.o(.data)
    .data                                    0x200000ec   Section        4  ac78xx_lin.o(.data)
    .data                                    0x200000f0   Section        4  ac78xx_pwdt.o(.data)
    .data                                    0x200000f4   Section        8  ac78xx_rtc.o(.data)
    .data                                    0x200000fc   Section       48  ac78xx_spi.o(.data)
    .data                                    0x2000012c   Section        4  ac78xx_wdg.o(.data)
    .data                                    0x20000130   Section        4  ac78xx_spm.o(.data)
    s_eventFunc                              0x20000130   Data           4  ac78xx_spm.o(.data)
    .data                                    0x20000134   Section        8  system_ac78xx.o(.data)
    s_facus                                  0x20000134   Data           4  system_ac78xx.o(.data)
    s_facms                                  0x20000138   Data           4  system_ac78xx.o(.data)
    .data                                    0x2000013c   Section        4  mvars.o(.data)
    .data                                    0x20000140   Section        4  mvars.o(.data)
    .bss                                     0x20000144   Section      100  led.o(.bss)
    .bss                                     0x200001a8   Section      400  dmg80480c043_01wtc.o(.bss)
    .bss                                     0x20000338   Section       16  ac78xx_can.o(.bss)
    s_canDevice                              0x20000338   Data          16  ac78xx_can.o(.bss)
    .bss                                     0x20000348   Section       52  ac78xx_dma.o(.bss)
    .bss                                     0x2000037c   Section       28  ac78xx_gpio.o(.bss)
    .bss                                     0x20000398   Section       16  ac78xx_pwm.o(.bss)
    s_pwmCallback                            0x20000398   Data          16  ac78xx_pwm.o(.bss)
    .bss                                     0x200003a8   Section       32  ac78xx_timer.o(.bss)
    s_timerCallback                          0x200003a8   Data          32  ac78xx_timer.o(.bss)
    .bss                                     0x200003c8   Section       24  ac78xx_uart.o(.bss)
    s_uartCallback                           0x200003c8   Data          24  ac78xx_uart.o(.bss)
    HEAP                                     0x200003e0   Section        0  startup_ac78xx.o(HEAP)
    STACK                                    0x200003e0   Section    18432  startup_ac78xx.o(STACK)

    Global Symbols

    Symbol Name                              Value     Ov Type        Size  Object(Section)

    BuildAttributes$$THM_ISAv4$P$D$K$B$S$PE$A:L22UL41UL21$X:L11$S22US41US21$IEEE1$IW$USESV6$~STKCKD$USESV7$~SHL$OTIME$ROPI$EBA8$MICROLIB$REQ8$PRES8$EABIv2 0x00000000   Number         0  anon$$obj.o ABSOLUTE
    __ARM_use_no_argv                        0x00000000   Number         0  main.o ABSOLUTE
    __use_no_errno                           0x00000000   Number         0  useno.o ABSOLUTE
    __use_no_exception_handling              0x00000000   Number         0  useno.o ABSOLUTE
    __use_no_fp                              0x00000000   Number         0  useno.o ABSOLUTE
    __use_no_heap                            0x00000000   Number         0  useno.o ABSOLUTE
    __use_no_heap_region                     0x00000000   Number         0  useno.o ABSOLUTE
    __use_no_semihosting                     0x00000000   Number         0  useno.o ABSOLUTE
    __use_no_semihosting_swi                 0x00000000   Number         0  useno.o ABSOLUTE
    __use_no_signal_handling                 0x00000000   Number         0  useno.o ABSOLUTE
    _printf_a                                0x00000000   Number         0  stubs.o ABSOLUTE
    _printf_c                                0x00000000   Number         0  stubs.o ABSOLUTE
    _printf_charcount                        0x00000000   Number         0  stubs.o ABSOLUTE
    _printf_d                                0x00000000   Number         0  stubs.o ABSOLUTE
    _printf_e                                0x00000000   Number         0  stubs.o ABSOLUTE
    _printf_f                                0x00000000   Number         0  stubs.o ABSOLUTE
    _printf_flags                            0x00000000   Number         0  stubs.o ABSOLUTE
    _printf_fp_dec                           0x00000000   Number         0  stubs.o ABSOLUTE
    _printf_fp_hex                           0x00000000   Number         0  stubs.o ABSOLUTE
    _printf_g                                0x00000000   Number         0  stubs.o ABSOLUTE
    _printf_i                                0x00000000   Number         0  stubs.o ABSOLUTE
    _printf_int_dec                          0x00000000   Number         0  stubs.o ABSOLUTE
    _printf_l                                0x00000000   Number         0  stubs.o ABSOLUTE
    _printf_lc                               0x00000000   Number         0  stubs.o ABSOLUTE
    _printf_ll                               0x00000000   Number         0  stubs.o ABSOLUTE
    _printf_lld                              0x00000000   Number         0  stubs.o ABSOLUTE
    _printf_lli                              0x00000000   Number         0  stubs.o ABSOLUTE
    _printf_llo                              0x00000000   Number         0  stubs.o ABSOLUTE
    _printf_llu                              0x00000000   Number         0  stubs.o ABSOLUTE
    _printf_llx                              0x00000000   Number         0  stubs.o ABSOLUTE
    _printf_longlong_dec                     0x00000000   Number         0  stubs.o ABSOLUTE
    _printf_longlong_hex                     0x00000000   Number         0  stubs.o ABSOLUTE
    _printf_longlong_oct                     0x00000000   Number         0  stubs.o ABSOLUTE
    _printf_ls                               0x00000000   Number         0  stubs.o ABSOLUTE
    _printf_mbtowc                           0x00000000   Number         0  stubs.o ABSOLUTE
    _printf_n                                0x00000000   Number         0  stubs.o ABSOLUTE
    _printf_o                                0x00000000   Number         0  stubs.o ABSOLUTE
    _printf_p                                0x00000000   Number         0  stubs.o ABSOLUTE
    _printf_percent                          0x00000000   Number         0  stubs.o ABSOLUTE
    _printf_pre_padding                      0x00000000   Number         0  stubs.o ABSOLUTE
    _printf_return_value                     0x00000000   Number         0  stubs.o ABSOLUTE
    _printf_s                                0x00000000   Number         0  stubs.o ABSOLUTE
    _printf_sizespec                         0x00000000   Number         0  stubs.o ABSOLUTE
    _printf_str                              0x00000000   Number         0  stubs.o ABSOLUTE
    _printf_truncate_signed                  0x00000000   Number         0  stubs.o ABSOLUTE
    _printf_truncate_unsigned                0x00000000   Number         0  stubs.o ABSOLUTE
    _printf_u                                0x00000000   Number         0  stubs.o ABSOLUTE
    _printf_wc                               0x00000000   Number         0  stubs.o ABSOLUTE
    _printf_wctomb                           0x00000000   Number         0  stubs.o ABSOLUTE
    _printf_widthprec                        0x00000000   Number         0  stubs.o ABSOLUTE
    _printf_x                                0x00000000   Number         0  stubs.o ABSOLUTE
    __arm_fini_                               - Undefined Weak Reference
    __cpp_initialize__aeabi_                  - Undefined Weak Reference
    __cxa_finalize                            - Undefined Weak Reference
    _clock_init                               - Undefined Weak Reference
    _microlib_exit                            - Undefined Weak Reference
    __Vectors_Size                           0x0000011c   Number         0  startup_ac78xx.o ABSOLUTE
    __Vectors                                0x08000000   Data           4  startup_ac78xx.o(RESET)
    __Vectors_End                            0x0800011c   Data           0  startup_ac78xx.o(RESET)
    __main                                   0x0800011d   Thumb Code     0  entry.o(.ARM.Collect$$$$00000000)
    _main_stk                                0x0800011d   Thumb Code     0  entry2.o(.ARM.Collect$$$$00000001)
    _main_scatterload                        0x08000121   Thumb Code     0  entry5.o(.ARM.Collect$$$$00000004)
    __main_after_scatterload                 0x08000125   Thumb Code     0  entry5.o(.ARM.Collect$$$$00000004)
    _main_clock                              0x08000125   Thumb Code     0  entry7b.o(.ARM.Collect$$$$00000008)
    _main_cpp_init                           0x08000125   Thumb Code     0  entry8b.o(.ARM.Collect$$$$0000000A)
    _main_init                               0x08000125   Thumb Code     0  entry9a.o(.ARM.Collect$$$$0000000B)
    __rt_lib_shutdown_fini                   0x0800012d   Thumb Code     0  entry12b.o(.ARM.Collect$$$$0000000E)
    __rt_final_cpp                           0x08000131   Thumb Code     0  entry10a.o(.ARM.Collect$$$$0000000F)
    __rt_final_exit                          0x08000131   Thumb Code     0  entry11a.o(.ARM.Collect$$$$00000011)
    Reset_Handler                            0x08000135   Thumb Code    36  startup_ac78xx.o(.text)
    HardFault_Handler                        0x0800015b   Thumb Code     2  startup_ac78xx.o(.text)
    MemManage_Handler                        0x0800015d   Thumb Code     2  startup_ac78xx.o(.text)
    BusFault_Handler                         0x0800015f   Thumb Code     2  startup_ac78xx.o(.text)
    UsageFault_Handler                       0x08000161   Thumb Code     2  startup_ac78xx.o(.text)
    SVC_Handler                              0x08000163   Thumb Code     2  startup_ac78xx.o(.text)
    DebugMon_Handler                         0x08000165   Thumb Code     2  startup_ac78xx.o(.text)
    PendSV_Handler                           0x08000167   Thumb Code     2  startup_ac78xx.o(.text)
    SysTick_Handler                          0x08000169   Thumb Code     2  startup_ac78xx.o(.text)
    EFlash_IRQHandler                        0x0800016b   Thumb Code     0  startup_ac78xx.o(.text)
    PVD_Handler                              0x0800016b   Thumb Code     0  startup_ac78xx.o(.text)
    __aeabi_memcpy                           0x08000181   Thumb Code    36  memcpya.o(.text)
    __aeabi_memcpy4                          0x08000181   Thumb Code     0  memcpya.o(.text)
    __aeabi_memcpy8                          0x08000181   Thumb Code     0  memcpya.o(.text)
    __aeabi_memset                           0x080001a5   Thumb Code    14  memseta.o(.text)
    __aeabi_memset4                          0x080001a5   Thumb Code     0  memseta.o(.text)
    __aeabi_memset8                          0x080001a5   Thumb Code     0  memseta.o(.text)
    __aeabi_memclr                           0x080001b3   Thumb Code     4  memseta.o(.text)
    __aeabi_memclr4                          0x080001b3   Thumb Code     0  memseta.o(.text)
    __aeabi_memclr8                          0x080001b3   Thumb Code     0  memseta.o(.text)
    _memset$wrapper                          0x080001b7   Thumb Code    18  memseta.o(.text)
    __aeabi_fadd                             0x080001c9   Thumb Code   164  fadd.o(.text)
    __aeabi_fsub                             0x0800026d   Thumb Code     6  fadd.o(.text)
    __aeabi_frsub                            0x08000273   Thumb Code     6  fadd.o(.text)
    __aeabi_fmul                             0x08000279   Thumb Code   100  fmul.o(.text)
    __aeabi_fdiv                             0x080002dd   Thumb Code   124  fdiv.o(.text)
    __aeabi_i2f                              0x08000359   Thumb Code    18  fflti.o(.text)
    __aeabi_ui2f                             0x0800036b   Thumb Code    10  ffltui.o(.text)
    __aeabi_f2uiz                            0x08000375   Thumb Code    40  ffixui.o(.text)
    __aeabi_f2ulz                            0x0800039d   Thumb Code    44  ffixul.o(.text)
    __aeabi_cfcmpeq                          0x080003c9   Thumb Code     0  cfcmple.o(.text)
    __aeabi_cfcmple                          0x080003c9   Thumb Code    20  cfcmple.o(.text)
    __aeabi_cfrcmple                         0x080003dd   Thumb Code    20  cfrcmple.o(.text)
    __aeabi_uldivmod                         0x080003f1   Thumb Code    98  uldiv.o(.text)
    __aeabi_llsl                             0x08000453   Thumb Code    30  llshl.o(.text)
    _ll_shift_l                              0x08000453   Thumb Code     0  llshl.o(.text)
    __I$use$fp                               0x08000471   Thumb Code     0  iusefp.o(.text)
    _float_round                             0x08000471   Thumb Code    18  fepilogue.o(.text)
    _float_epilogue                          0x08000483   Thumb Code    92  fepilogue.o(.text)
    __scatterload                            0x080004e1   Thumb Code    28  init.o(.text)
    __scatterload_rt2                        0x080004e1   Thumb Code     0  init.o(.text)
    __aeabi_llsr                             0x08000505   Thumb Code    32  llushr.o(.text)
    _ll_ushift_r                             0x08000505   Thumb Code     0  llushr.o(.text)
    __decompress                             0x08000525   Thumb Code     0  __dczerorl2.o(.text)
    __decompress1                            0x08000525   Thumb Code    86  __dczerorl2.o(.text)
    ACMP0_IRQHandler                         0x0800057d   Thumb Code    16  ac78xx_acmp.o(i.ACMP0_IRQHandler)
    ACMP1_IRQHandler                         0x08000591   Thumb Code    16  ac78xx_acmp.o(i.ACMP1_IRQHandler)
    ADC_IRQHandler                           0x080005a5   Thumb Code    16  ac78xx_adc.o(i.ADC_IRQHandler)
    BKP_IRQHandler                           0x080005b9   Thumb Code    76  ac78xx_rtc.o(i.BKP_IRQHandler)
    CAN1_Handler                             0x0800060d   Thumb Code    10  ac78xx_can.o(i.CAN1_Handler)
    CAN2_Handler                             0x0800061d   Thumb Code    10  ac78xx_can.o(i.CAN2_Handler)
    CAN_HandleEvent                          0x0800062d   Thumb Code   208  ac78xx_can.o(i.CAN_HandleEvent)
    CKGEN_Enable                             0x08000701   Thumb Code    64  ac78xx_ckgen.o(i.CKGEN_Enable)
    CKGEN_SetAPBClockDivider                 0x08000745   Thumb Code    18  ac78xx_ckgen.o(i.CKGEN_SetAPBClockDivider)
    CKGEN_SetPLLReference                    0x08000757   Thumb Code    18  ac78xx_ckgen.o(i.CKGEN_SetPLLReference)
    CKGEN_SetPllFeedbackDiv                  0x08000769   Thumb Code    18  ac78xx_ckgen.o(i.CKGEN_SetPllFeedbackDiv)
    CKGEN_SetPllPostDiv                      0x08000781   Thumb Code    18  ac78xx_ckgen.o(i.CKGEN_SetPllPostDiv)
    CKGEN_SetPllPrevDiv                      0x08000799   Thumb Code    18  ac78xx_ckgen.o(i.CKGEN_SetPllPrevDiv)
    CKGEN_SetSFlashClock                     0x080007b1   Thumb Code    32  ac78xx_ckgen.o(i.CKGEN_SetSFlashClock)
    CKGEN_SetSysclkDiv                       0x080007d1   Thumb Code    18  ac78xx_ckgen.o(i.CKGEN_SetSysclkDiv)
    CKGEN_SetSysclkSrc                       0x080007e3   Thumb Code    18  ac78xx_ckgen.o(i.CKGEN_SetSysclkSrc)
    CKGEN_SoftReset                          0x080007f5   Thumb Code    64  ac78xx_ckgen.o(i.CKGEN_SoftReset)
    DMA10_IRQHandler                         0x08000839   Thumb Code    30  ac78xx_dma.o(i.DMA10_IRQHandler)
    DMA11_IRQHandler                         0x08000861   Thumb Code    30  ac78xx_dma.o(i.DMA11_IRQHandler)
    DMA12_IRQHandler                         0x08000889   Thumb Code    30  ac78xx_dma.o(i.DMA12_IRQHandler)
    DMA1_IRQHandler                          0x080008b1   Thumb Code    30  ac78xx_dma.o(i.DMA1_IRQHandler)
    DMA2_IRQHandler                          0x080008d9   Thumb Code    30  ac78xx_dma.o(i.DMA2_IRQHandler)
    DMA3_IRQHandler                          0x08000901   Thumb Code    30  ac78xx_dma.o(i.DMA3_IRQHandler)
    DMA4_IRQHandler                          0x08000929   Thumb Code    30  ac78xx_dma.o(i.DMA4_IRQHandler)
    DMA5_IRQHandler                          0x08000951   Thumb Code    30  ac78xx_dma.o(i.DMA5_IRQHandler)
    DMA6_IRQHandler                          0x08000979   Thumb Code    30  ac78xx_dma.o(i.DMA6_IRQHandler)
    DMA7_IRQHandler                          0x080009a1   Thumb Code    30  ac78xx_dma.o(i.DMA7_IRQHandler)
    DMA8_IRQHandler                          0x080009c9   Thumb Code    30  ac78xx_dma.o(i.DMA8_IRQHandler)
    DMA9_IRQHandler                          0x080009f1   Thumb Code    30  ac78xx_dma.o(i.DMA9_IRQHandler)
    DMA_ClearFlag                            0x08000a2d   Thumb Code    28  ac78xx_dma.o(i.DMA_ClearFlag)
    EXTI0_IRQHandler                         0x08000a49   Thumb Code    32  ac78xx_gpio.o(i.EXTI0_IRQHandler)
    EXTI10_15_IRQHandler                     0x08000a6d   Thumb Code    70  ac78xx_gpio.o(i.EXTI10_15_IRQHandler)
    EXTI1_IRQHandler                         0x08000ab9   Thumb Code    32  ac78xx_gpio.o(i.EXTI1_IRQHandler)
    EXTI2_IRQHandler                         0x08000add   Thumb Code    32  ac78xx_gpio.o(i.EXTI2_IRQHandler)
    EXTI3_IRQHandler                         0x08000b01   Thumb Code    32  ac78xx_gpio.o(i.EXTI3_IRQHandler)
    EXTI4_IRQHandler                         0x08000b25   Thumb Code    32  ac78xx_gpio.o(i.EXTI4_IRQHandler)
    EXTI5_9_IRQHandler                       0x08000b49   Thumb Code    70  ac78xx_gpio.o(i.EXTI5_9_IRQHandler)
    GPIO_ClearPendingExtInt                  0x08000b95   Thumb Code    20  ac78xx_gpio.o(i.GPIO_ClearPendingExtInt)
    GPIO_GetPMUXConfig                       0x08000bad   Thumb Code    14  ac78xx_gpio.o(i.GPIO_GetPMUXConfig)
    GPIO_GetPendingExtIntGPIONum             0x08000bc1   Thumb Code   234  ac78xx_gpio.o(i.GPIO_GetPendingExtIntGPIONum)
    GPIO_GetPendingIRQMask                   0x08000cb1   Thumb Code     6  ac78xx_gpio.o(i.GPIO_GetPendingIRQMask)
    GPIO_ResetPinBits                        0x08000cbd   Thumb Code    98  ac78xx_gpio.o(i.GPIO_ResetPinBits)
    GPIO_SetDir                              0x08000d25   Thumb Code   114  ac78xx_gpio.o(i.GPIO_SetDir)
    GPIO_SetFunc                             0x08000d9d   Thumb Code    44  ac78xx_gpio.o(i.GPIO_SetFunc)
    GPIO_SetPinBits                          0x0800112d   Thumb Code    98  ac78xx_gpio.o(i.GPIO_SetPinBits)
    GPIO_SetPinValue                         0x08001195   Thumb Code   114  ac78xx_gpio.o(i.GPIO_SetPinValue)
    I2C1_IRQHandler                          0x08001221   Thumb Code    30  ac78xx_i2c.o(i.I2C1_IRQHandler)
    I2C2_IRQHandler                          0x08001249   Thumb Code    30  ac78xx_i2c.o(i.I2C2_IRQHandler)
    InitDelay                                0x08001275   Thumb Code    22  system_ac78xx.o(i.InitDelay)
    Init_WTN6040                             0x08001295   Thumb Code    24  wtn6040.o(i.Init_WTN6040)
    LED_Init                                 0x080012ad   Thumb Code    50  led.o(i.LED_Init)
    LED_TASK                                 0x080012e5   Thumb Code   126  led.o(i.LED_TASK)
    LIN0_Handler                             0x08001375   Thumb Code    82  ac78xx_lin.o(i.LIN0_Handler)
    Led_Control                              0x080013d1   Thumb Code    34  led.o(i.Led_Control)
    Led_Control_Task                         0x080013f9   Thumb Code   124  demo.o(i.Led_Control_Task)
    Line_2A_WTN6                             0x08001491   Thumb Code   112  wtn6040.o(i.Line_2A_WTN6)
    Menu_Pro                                 0x08001501   Thumb Code   220  workmode.o(i.Menu_Pro)
    NMI_Handler                              0x0800160d   Thumb Code    88  ac78xx_spm.o(i.NMI_Handler)
    PWDT_IRQHandler                          0x080016e9   Thumb Code    16  ac78xx_pwdt.o(i.PWDT_IRQHandler)
    PWM0_IRQHandler                          0x080016fd   Thumb Code    16  ac78xx_pwm.o(i.PWM0_IRQHandler)
    PWM1_IRQHandler                          0x08001711   Thumb Code    16  ac78xx_pwm.o(i.PWM1_IRQHandler)
    PWM2_IRQHandler                          0x08001725   Thumb Code    16  ac78xx_pwm.o(i.PWM2_IRQHandler)
    PWM3_IRQHandler                          0x08001739   Thumb Code    16  ac78xx_pwm.o(i.PWM3_IRQHandler)
    RGY_Light_Task                           0x0800174d   Thumb Code   150  demo.o(i.RGY_Light_Task)
    RS485_Init                               0x080017f9   Thumb Code   186  rs485_driver.o(i.RS485_Init)
    RTC_IRQHandler                           0x080018ed   Thumb Code    28  ac78xx_rtc.o(i.RTC_IRQHandler)
    SCREENHandle                             0x0800190d   Thumb Code   470  dmg80480c043_01wtc.o(i.SCREENHandle)
    SCREENInit                               0x08001afd   Thumb Code   178  dmg80480c043_01wtc.o(i.SCREENInit)
    SCREENVarMalloc                          0x08001bbd   Thumb Code   232  dmg80480c043_01wtc.o(i.SCREENVarMalloc)
    SCREENWriteVarCmd                        0x08001cb1   Thumb Code   188  dmg80480c043_01wtc.o(i.SCREENWriteVarCmd)
    SCREEN_CLEAR_INF                         0x08001d79   Thumb Code    16  dmg80480c043_01wtc.o(i.SCREEN_CLEAR_INF)
    SCREENprintf                             0x08001dad   Thumb Code   408  dmg80480c043_01wtc.o(i.SCREENprintf)
    SPI1_IRQHandler                          0x08001f4d   Thumb Code    22  ac78xx_spi.o(i.SPI1_IRQHandler)
    SPI2_IRQHandler                          0x08001f6d   Thumb Code    22  ac78xx_spi.o(i.SPI2_IRQHandler)
    SPM_EnablePLL                            0x08001f8d   Thumb Code    94  ac78xx_spm.o(i.SPM_EnablePLL)
    SPM_EnableXOSC                           0x08001ff1   Thumb Code    94  ac78xx_spm.o(i.SPM_EnableXOSC)
    SPM_GetModuleWakeupSourceFlag            0x08002055   Thumb Code     6  ac78xx_spm.o(i.SPM_GetModuleWakeupSourceFlag)
    SPM_IRQHandler                           0x08002061   Thumb Code    56  ac78xx_spm.o(i.SPM_IRQHandler)
    SendRequst                               0x080020a5   Thumb Code    12  demo.o(i.SendRequst)
    SetEflashClock                           0x080020b5   Thumb Code   100  system_ac78xx.o(i.SetEflashClock)
    SetHSEClock                              0x08002125   Thumb Code   100  system_ac78xx.o(i.SetHSEClock)
    SetSysClock                              0x08002189   Thumb Code     8  system_ac78xx.o(i.SetSysClock)
    Show_Ceiling_Floor_Value_Task            0x08002191   Thumb Code    52  demo.o(i.Show_Ceiling_Floor_Value_Task)
    Show_Torsional_Value_Task                0x080021cd   Thumb Code    38  demo.o(i.Show_Torsional_Value_Task)
    Speaker_Task                             0x080021f9   Thumb Code    92  demo.o(i.Speaker_Task)
    Sustain_CeilingLed_ON                    0x08002269   Thumb Code    46  workmode.o(i.Sustain_CeilingLed_ON)
    Sustain_FloorLed_ON                      0x080022a5   Thumb Code    46  workmode.o(i.Sustain_FloorLed_ON)
    SystemInit                               0x0800233b   Thumb Code    26  system_ac78xx.o(i.SystemInit)
    TIM1_Task                                0x08002355   Thumb Code    36  timer.o(i.TIM1_Task)
    TIMER0_IRQHandler                        0x0800237d   Thumb Code    18  ac78xx_timer.o(i.TIMER0_IRQHandler)
    TIMER1_IRQHandler                        0x08002395   Thumb Code    18  ac78xx_timer.o(i.TIMER1_IRQHandler)
    TIMER2_IRQHandler                        0x080023ad   Thumb Code    18  ac78xx_timer.o(i.TIMER2_IRQHandler)
    TIMER3_IRQHandler                        0x080023c5   Thumb Code    18  ac78xx_timer.o(i.TIMER3_IRQHandler)
    TIMER4_IRQHandler                        0x080023dd   Thumb Code    18  ac78xx_timer.o(i.TIMER4_IRQHandler)
    TIMER5_IRQHandler                        0x080023f5   Thumb Code    18  ac78xx_timer.o(i.TIMER5_IRQHandler)
    TIMER6_IRQHandler                        0x0800240d   Thumb Code    18  ac78xx_timer.o(i.TIMER6_IRQHandler)
    TIMER7_IRQHandler                        0x08002425   Thumb Code    18  ac78xx_timer.o(i.TIMER7_IRQHandler)
    TIMER_ClrIntFlag                         0x0800243d   Thumb Code    10  ac78xx_timer.o(i.TIMER_ClrIntFlag)
    TIMER_GetIntFlag                         0x08002447   Thumb Code    10  ac78xx_timer.o(i.TIMER_GetIntFlag)
    TIMER_Init                               0x08002451   Thumb Code   144  ac78xx_timer.o(i.TIMER_Init)
    TIMER_ModuleEnable                       0x080024ed   Thumb Code    26  ac78xx_timer.o(i.TIMER_ModuleEnable)
    TIMER_SetCallback                        0x0800250d   Thumb Code    14  ac78xx_timer.o(i.TIMER_SetCallback)
    TaskProcess                              0x08002525   Thumb Code    54  round_robin_sche.o(i.TaskProcess)
    TaskRemarks                              0x08002561   Thumb Code    96  round_robin_sche.o(i.TaskRemarks)
    Task_Screen                              0x080025c5   Thumb Code    28  demo.o(i.Task_Screen)
    Task_Wait_One_Frame                      0x080025e5   Thumb Code    56  timer.o(i.Task_Wait_One_Frame)
    Task_Wait_Respond_Timeout                0x08002621   Thumb Code    42  timer.o(i.Task_Wait_Respond_Timeout)
    Timer_Init                               0x08002651   Thumb Code    50  timer.o(i.Timer_Init)
    UART1_IRQHandler                         0x0800268d   Thumb Code    10  ac78xx_uart.o(i.UART1_IRQHandler)
    UART2_IRQHandler                         0x08002697   Thumb Code    10  ac78xx_uart.o(i.UART2_IRQHandler)
    UART3_IRQHandler                         0x080026a1   Thumb Code    10  ac78xx_uart.o(i.UART3_IRQHandler)
    UART4_IRQHandler                         0x080026ab   Thumb Code    10  ac78xx_uart.o(i.UART4_IRQHandler)
    UART5_IRQHandler                         0x080026b5   Thumb Code    10  ac78xx_uart.o(i.UART5_IRQHandler)
    UART5_SendString                         0x080026c1   Thumb Code    88  rs485_driver.o(i.UART5_SendString)
    UART6_IRQHandler                         0x0800271d   Thumb Code    10  ac78xx_uart.o(i.UART6_IRQHandler)
    UART_IRQHandler                          0x08002729   Thumb Code   170  rs485_driver.o(i.UART_IRQHandler)
    UART_Init                                0x080027e9   Thumb Code   314  ac78xx_uart.o(i.UART_Init)
    UART_SetBaudrate                         0x080029a5   Thumb Code   200  ac78xx_uart.o(i.UART_SetBaudrate)
    UART_SetEventCallback                    0x08002ae9   Thumb Code    46  ac78xx_uart.o(i.UART_SetEventCallback)
    Uart6_IRQHandler                         0x08002b89   Thumb Code   148  dmg80480c043_01wtc.o(i.Uart6_IRQHandler)
    VarMalloc                                0x08002c29   Thumb Code    50  varmalloc.o(i.VarMalloc)
    Watchdog_IRQHandler                      0x08002c61   Thumb Code    36  ac78xx_wdg.o(i.Watchdog_IRQHandler)
    WriteBitsValue                           0x08002c8d   Thumb Code    30  system_ac78xx.o(i.WriteBitsValue)
    __0printf$5                              0x08002cad   Thumb Code    22  printf5.o(i.__0printf$5)
    __1printf$5                              0x08002cad   Thumb Code     0  printf5.o(i.__0printf$5)
    __2printf                                0x08002cad   Thumb Code     0  printf5.o(i.__0printf$5)
    __scatterload_copy                       0x08002cf1   Thumb Code    14  handlers.o(i.__scatterload_copy)
    __scatterload_null                       0x08002cff   Thumb Code     2  handlers.o(i.__scatterload_null)
    __scatterload_zeroinit                   0x08002d01   Thumb Code    14  handlers.o(i.__scatterload_zeroinit)
    fputc                                    0x08002fd1   Thumb Code    54  ac78xx_debugout.o(i.fputc)
    itoa                                     0x08003011   Thumb Code    98  dmg80480c043_01wtc.o(i.itoa)
    main                                     0x08003073   Thumb Code    32  main.o(i.main)
    malloc                                   0x08003095   Thumb Code    92  malloc.o(i.malloc)
    mdelay                                   0x08003101   Thumb Code    32  system_ac78xx.o(i.mdelay)
    udelay                                   0x08003125   Thumb Code    32  system_ac78xx.o(i.udelay)
    g_uartDMAChannel                         0x080033b8   Data          72  ac78xx_uart.o(.constdata)
    Region$$Table$$Base                      0x08003400   Number         0  anon$$obj.o(Region$$Table)
    Region$$Table$$Limit                     0x08003420   Number         0  anon$$obj.o(Region$$Table)
    count                                    0x20000000   Data           1  led.o(.data)
    rx5Buf                                   0x20000058   Data           1  rs485_driver.o(.data)
    ReadMeasuredValue                        0x2000005c   Data           8  demo.o(.data)
    Torque_value                             0x20000064   Data           4  demo.o(.data)
    show_num                                 0x20000068   Data           4  demo.o(.data)
    Num                                      0x2000006c   Data           4  demo.o(.data)
    flag_speaker_yet                         0x20000070   Data           1  demo.o(.data)
    flag_speaker_yet_counter                 0x20000071   Data           1  demo.o(.data)
    ZeroClearing                             0x20000074   Data          11  workmode.o(.data)
    CurrentIndex1                            0x2000007f   Data           1  workmode.o(.data)
    LastIndex1                               0x20000080   Data           1  workmode.o(.data)
    CurrentIndex2                            0x20000081   Data           1  workmode.o(.data)
    LastIndex2                               0x20000082   Data           1  workmode.o(.data)
    Ceiling_Value                            0x20000083   Data           1  workmode.o(.data)
    Floor_Value                              0x20000084   Data           1  workmode.o(.data)
    offset                                   0x20000088   Data           4  workmode.o(.data)
    pSCREEN_WRITE_SEND                       0x2000008c   Data           4  dmg80480c043_01wtc.o(.data)
    pSCREEN_READ_SEND                        0x20000090   Data           4  dmg80480c043_01wtc.o(.data)
    pSCREEN_PRO                              0x20000094   Data           4  dmg80480c043_01wtc.o(.data)
    KeyState                                 0x20000098   Data           1  dmg80480c043_01wtc.o(.data)
    ScreenRevLen                             0x2000009a   Data           2  dmg80480c043_01wtc.o(.data)
    ScreenRevAdr                             0x2000009c   Data           2  dmg80480c043_01wtc.o(.data)
    ScreenSendIndex                          0x2000009e   Data           1  dmg80480c043_01wtc.o(.data)
    temp_uni                                 0x200000a0   Data           4  varmalloc.o(.data)
    pSYSTEM                                  0x200000a4   Data           4  varmalloc.o(.data)
    __stdout                                 0x200000ac   Data           4  ac78xx_debugout.o(.data)
    g_adcCallback                            0x200000b8   Data           4  ac78xx_adc.o(.data)
    g_i2cCallbackArray                       0x200000bc   Data           8  ac78xx_i2c.o(.data)
    g_i2cStatus                              0x200000c4   Data           8  ac78xx_i2c.o(.data)
    g_i2cMasterSendBufferLength              0x200000cc   Data           8  ac78xx_i2c.o(.data)
    g_i2cMasterReceiveBufferLength           0x200000d4   Data           8  ac78xx_i2c.o(.data)
    g_i2cSlaveSendBufferLength               0x200000dc   Data           8  ac78xx_i2c.o(.data)
    g_i2cSlaveReceiveBufferLength            0x200000e4   Data           8  ac78xx_i2c.o(.data)
    g_linCallback                            0x200000ec   Data           4  ac78xx_lin.o(.data)
    PWDT_Callback                            0x200000f0   Data           4  ac78xx_pwdt.o(.data)
    g_RTCCallback                            0x200000f4   Data           4  ac78xx_rtc.o(.data)
    g_BKPCallback                            0x200000f8   Data           4  ac78xx_rtc.o(.data)
    g_spiRxBuf                               0x200000fc   Data           8  ac78xx_spi.o(.data)
    g_spiTxBuf                               0x20000104   Data           8  ac78xx_spi.o(.data)
    g_spiRxBuffWrPointer                     0x2000010c   Data           4  ac78xx_spi.o(.data)
    g_spiTxBuffRdPointer                     0x20000110   Data           4  ac78xx_spi.o(.data)
    g_spiBuffSize                            0x20000114   Data           8  ac78xx_spi.o(.data)
    g_spiStatus                              0x2000011c   Data           8  ac78xx_spi.o(.data)
    g_spiCallbackArray                       0x20000124   Data           8  ac78xx_spi.o(.data)
    g_WDOGCallbackArray                      0x2000012c   Data           4  ac78xx_wdg.o(.data)
    __microlib_freelist                      0x2000013c   Data           4  mvars.o(.data)
    __microlib_freelist_initialised          0x20000140   Data           4  mvars.o(.data)
    data                                     0x20000144   Data         100  led.o(.bss)
    ScreenRevBuf                             0x200001a8   Data         200  dmg80480c043_01wtc.o(.bss)
    ScreenSendBuf                            0x20000270   Data         200  dmg80480c043_01wtc.o(.bss)
    g_dmaCallbackArray                       0x20000348   Data          52  ac78xx_dma.o(.bss)
    g_gpioCallbackArray                      0x2000037c   Data          28  ac78xx_gpio.o(.bss)
    __heap_base                              0x200003e0   Data           0  startup_ac78xx.o(HEAP)
    __heap_limit                             0x200003e0   Data           0  startup_ac78xx.o(HEAP)
    __initial_sp                             0x20004be0   Data           0  startup_ac78xx.o(STACK)



==============================================================================

Memory Map of the image

  Image Entry point : 0x0800011d

  Load Region LR_IROM1 (Base: 0x08000000, Size: 0x00003564, Max: 0x00040000, ABSOLUTE, COMPRESSED[0x00003478])

    Execution Region ER_IROM1 (Exec base: 0x08000000, Load base: 0x08000000, Size: 0x00003420, Max: 0x00040000, ABSOLUTE)

    Exec Addr    Load Addr    Size         Type   Attr      Idx    E Section Name        Object

    0x08000000   0x08000000   0x0000011c   Data   RO         3523    RESET               startup_ac78xx.o
    0x0800011c   0x0800011c   0x00000000   Code   RO         3708  * .ARM.Collect$$$$00000000  mc_w.l(entry.o)
    0x0800011c   0x0800011c   0x00000004   Code   RO         4024    .ARM.Collect$$$$00000001  mc_w.l(entry2.o)
    0x08000120   0x08000120   0x00000004   Code   RO         4027    .ARM.Collect$$$$00000004  mc_w.l(entry5.o)
    0x08000124   0x08000124   0x00000000   Code   RO         4029    .ARM.Collect$$$$00000008  mc_w.l(entry7b.o)
    0x08000124   0x08000124   0x00000000   Code   RO         4031    .ARM.Collect$$$$0000000A  mc_w.l(entry8b.o)
    0x08000124   0x08000124   0x00000008   Code   RO         4032    .ARM.Collect$$$$0000000B  mc_w.l(entry9a.o)
    0x0800012c   0x0800012c   0x00000004   Code   RO         4039    .ARM.Collect$$$$0000000E  mc_w.l(entry12b.o)
    0x08000130   0x08000130   0x00000000   Code   RO         4034    .ARM.Collect$$$$0000000F  mc_w.l(entry10a.o)
    0x08000130   0x08000130   0x00000000   Code   RO         4036    .ARM.Collect$$$$00000011  mc_w.l(entry11a.o)
    0x08000130   0x08000130   0x00000004   Code   RO         4025    .ARM.Collect$$$$00002712  mc_w.l(entry2.o)
    0x08000134   0x08000134   0x0000004c   Code   RO         3524    .text               startup_ac78xx.o
    0x08000180   0x08000180   0x00000024   Code   RO         3711    .text               mc_w.l(memcpya.o)
    0x080001a4   0x080001a4   0x00000024   Code   RO         3713    .text               mc_w.l(memseta.o)
    0x080001c8   0x080001c8   0x000000b0   Code   RO         4006    .text               mf_w.l(fadd.o)
    0x08000278   0x08000278   0x00000064   Code   RO         4008    .text               mf_w.l(fmul.o)
    0x080002dc   0x080002dc   0x0000007c   Code   RO         4010    .text               mf_w.l(fdiv.o)
    0x08000358   0x08000358   0x00000012   Code   RO         4012    .text               mf_w.l(fflti.o)
    0x0800036a   0x0800036a   0x0000000a   Code   RO         4014    .text               mf_w.l(ffltui.o)
    0x08000374   0x08000374   0x00000028   Code   RO         4016    .text               mf_w.l(ffixui.o)
    0x0800039c   0x0800039c   0x0000002c   Code   RO         4018    .text               mf_w.l(ffixul.o)
    0x080003c8   0x080003c8   0x00000014   Code   RO         4020    .text               mf_w.l(cfcmple.o)
    0x080003dc   0x080003dc   0x00000014   Code   RO         4022    .text               mf_w.l(cfrcmple.o)
    0x080003f0   0x080003f0   0x00000062   Code   RO         4042    .text               mc_w.l(uldiv.o)
    0x08000452   0x08000452   0x0000001e   Code   RO         4044    .text               mc_w.l(llshl.o)
    0x08000470   0x08000470   0x00000000   Code   RO         4048    .text               mc_w.l(iusefp.o)
    0x08000470   0x08000470   0x0000006e   Code   RO         4049    .text               mf_w.l(fepilogue.o)
    0x080004de   0x080004de   0x00000002   PAD
    0x080004e0   0x080004e0   0x00000024   Code   RO         4061    .text               mc_w.l(init.o)
    0x08000504   0x08000504   0x00000020   Code   RO         4063    .text               mc_w.l(llushr.o)
    0x08000524   0x08000524   0x00000056   Code   RO         4077    .text               mc_w.l(__dczerorl2.o)
    0x0800057a   0x0800057a   0x00000002   PAD
    0x0800057c   0x0800057c   0x00000014   Code   RO          669    i.ACMP0_IRQHandler  ac78xx_acmp.o
    0x08000590   0x08000590   0x00000014   Code   RO          670    i.ACMP1_IRQHandler  ac78xx_acmp.o
    0x080005a4   0x080005a4   0x00000014   Code   RO          779    i.ADC_IRQHandler    ac78xx_adc.o
    0x080005b8   0x080005b8   0x00000054   Code   RO         2220    i.BKP_IRQHandler    ac78xx_rtc.o
    0x0800060c   0x0800060c   0x00000010   Code   RO          894    i.CAN1_Handler      ac78xx_can.o
    0x0800061c   0x0800061c   0x00000010   Code   RO          895    i.CAN2_Handler      ac78xx_can.o
    0x0800062c   0x0800062c   0x000000d4   Code   RO          897    i.CAN_HandleEvent   ac78xx_can.o
    0x08000700   0x08000700   0x00000044   Code   RO         3294    i.CKGEN_Enable      ac78xx_ckgen.o
    0x08000744   0x08000744   0x00000012   Code   RO         3295    i.CKGEN_SetAPBClockDivider  ac78xx_ckgen.o
    0x08000756   0x08000756   0x00000012   Code   RO         3297    i.CKGEN_SetPLLReference  ac78xx_ckgen.o
    0x08000768   0x08000768   0x00000018   Code   RO         3299    i.CKGEN_SetPllFeedbackDiv  ac78xx_ckgen.o
    0x08000780   0x08000780   0x00000018   Code   RO         3300    i.CKGEN_SetPllPostDiv  ac78xx_ckgen.o
    0x08000798   0x08000798   0x00000018   Code   RO         3301    i.CKGEN_SetPllPrevDiv  ac78xx_ckgen.o
    0x080007b0   0x080007b0   0x00000020   Code   RO         3302    i.CKGEN_SetSFlashClock  ac78xx_ckgen.o
    0x080007d0   0x080007d0   0x00000012   Code   RO         3303    i.CKGEN_SetSysclkDiv  ac78xx_ckgen.o
    0x080007e2   0x080007e2   0x00000012   Code   RO         3304    i.CKGEN_SetSysclkSrc  ac78xx_ckgen.o
    0x080007f4   0x080007f4   0x00000044   Code   RO         3305    i.CKGEN_SoftReset   ac78xx_ckgen.o
    0x08000838   0x08000838   0x00000028   Code   RO         1121    i.DMA10_IRQHandler  ac78xx_dma.o
    0x08000860   0x08000860   0x00000028   Code   RO         1122    i.DMA11_IRQHandler  ac78xx_dma.o
    0x08000888   0x08000888   0x00000028   Code   RO         1123    i.DMA12_IRQHandler  ac78xx_dma.o
    0x080008b0   0x080008b0   0x00000028   Code   RO         1124    i.DMA1_IRQHandler   ac78xx_dma.o
    0x080008d8   0x080008d8   0x00000028   Code   RO         1125    i.DMA2_IRQHandler   ac78xx_dma.o
    0x08000900   0x08000900   0x00000028   Code   RO         1126    i.DMA3_IRQHandler   ac78xx_dma.o
    0x08000928   0x08000928   0x00000028   Code   RO         1127    i.DMA4_IRQHandler   ac78xx_dma.o
    0x08000950   0x08000950   0x00000028   Code   RO         1128    i.DMA5_IRQHandler   ac78xx_dma.o
    0x08000978   0x08000978   0x00000028   Code   RO         1129    i.DMA6_IRQHandler   ac78xx_dma.o
    0x080009a0   0x080009a0   0x00000028   Code   RO         1130    i.DMA7_IRQHandler   ac78xx_dma.o
    0x080009c8   0x080009c8   0x00000028   Code   RO         1131    i.DMA8_IRQHandler   ac78xx_dma.o
    0x080009f0   0x080009f0   0x00000028   Code   RO         1132    i.DMA9_IRQHandler   ac78xx_dma.o
    0x08000a18   0x08000a18   0x00000014   Code   RO         1134    i.DMA_ChannelHardRst  ac78xx_dma.o
    0x08000a2c   0x08000a2c   0x0000001c   Code   RO         1135    i.DMA_ClearFlag     ac78xx_dma.o
    0x08000a48   0x08000a48   0x00000024   Code   RO         1295    i.EXTI0_IRQHandler  ac78xx_gpio.o
    0x08000a6c   0x08000a6c   0x0000004c   Code   RO         1296    i.EXTI10_15_IRQHandler  ac78xx_gpio.o
    0x08000ab8   0x08000ab8   0x00000024   Code   RO         1297    i.EXTI1_IRQHandler  ac78xx_gpio.o
    0x08000adc   0x08000adc   0x00000024   Code   RO         1298    i.EXTI2_IRQHandler  ac78xx_gpio.o
    0x08000b00   0x08000b00   0x00000024   Code   RO         1299    i.EXTI3_IRQHandler  ac78xx_gpio.o
    0x08000b24   0x08000b24   0x00000024   Code   RO         1300    i.EXTI4_IRQHandler  ac78xx_gpio.o
    0x08000b48   0x08000b48   0x0000004c   Code   RO         1301    i.EXTI5_9_IRQHandler  ac78xx_gpio.o
    0x08000b94   0x08000b94   0x00000018   Code   RO         1302    i.GPIO_ClearPendingExtInt  ac78xx_gpio.o
    0x08000bac   0x08000bac   0x00000014   Code   RO         1306    i.GPIO_GetPMUXConfig  ac78xx_gpio.o
    0x08000bc0   0x08000bc0   0x000000f0   Code   RO         1307    i.GPIO_GetPendingExtIntGPIONum  ac78xx_gpio.o
    0x08000cb0   0x08000cb0   0x0000000c   Code   RO         1308    i.GPIO_GetPendingIRQMask  ac78xx_gpio.o
    0x08000cbc   0x08000cbc   0x00000068   Code   RO         1313    i.GPIO_ResetPinBits  ac78xx_gpio.o
    0x08000d24   0x08000d24   0x00000078   Code   RO         1314    i.GPIO_SetDir       ac78xx_gpio.o
    0x08000d9c   0x08000d9c   0x0000002c   Code   RO         1318    i.GPIO_SetFunc      ac78xx_gpio.o
    0x08000dc8   0x08000dc8   0x000000f2   Code   RO         1320    i.GPIO_SetGPIOxBRRx  ac78xx_gpio.o
    0x08000eba   0x08000eba   0x000000f2   Code   RO         1321    i.GPIO_SetGPIOxBSRRx  ac78xx_gpio.o
    0x08000fac   0x08000fac   0x000000c0   Code   RO         1323    i.GPIO_SetGPIOxMODE  ac78xx_gpio.o
    0x0800106c   0x0800106c   0x000000c0   Code   RO         1324    i.GPIO_SetGPIOxODRx  ac78xx_gpio.o
    0x0800112c   0x0800112c   0x00000068   Code   RO         1325    i.GPIO_SetPinBits   ac78xx_gpio.o
    0x08001194   0x08001194   0x00000078   Code   RO         1330    i.GPIO_SetPinValue  ac78xx_gpio.o
    0x0800120c   0x0800120c   0x00000014   Code   RO          908    i.GetCanIndex       ac78xx_can.o
    0x08001220   0x08001220   0x00000028   Code   RO         1559    i.I2C1_IRQHandler   ac78xx_i2c.o
    0x08001248   0x08001248   0x00000028   Code   RO         1560    i.I2C2_IRQHandler   ac78xx_i2c.o
    0x08001270   0x08001270   0x00000004   Code   RO         1562    i.I2C_ClrStatus1    ac78xx_i2c.o
    0x08001274   0x08001274   0x00000020   Code   RO         3540    i.InitDelay         system_ac78xx.o
    0x08001294   0x08001294   0x00000018   Code   RO          401    i.Init_WTN6040      wtn6040.o
    0x080012ac   0x080012ac   0x00000038   Code   RO          112    i.LED_Init          led.o
    0x080012e4   0x080012e4   0x00000090   Code   RO          113    i.LED_TASK          led.o
    0x08001374   0x08001374   0x0000005c   Code   RO         1884    i.LIN0_Handler      ac78xx_lin.o
    0x080013d0   0x080013d0   0x00000028   Code   RO          114    i.Led_Control       led.o
    0x080013f8   0x080013f8   0x00000098   Code   RO          301    i.Led_Control_Task  demo.o
    0x08001490   0x08001490   0x00000070   Code   RO          402    i.Line_2A_WTN6      wtn6040.o
    0x08001500   0x08001500   0x0000010c   Code   RO          368    i.Menu_Pro          workmode.o
    0x0800160c   0x0800160c   0x0000005c   Code   RO         3387    i.NMI_Handler       ac78xx_spm.o
    0x08001668   0x08001668   0x0000007e   Code   RO         1333    i.PMUX_SetPMUXxPFSELx  ac78xx_gpio.o
    0x080016e6   0x080016e6   0x00000002   PAD
    0x080016e8   0x080016e8   0x00000014   Code   RO         1951    i.PWDT_IRQHandler   ac78xx_pwdt.o
    0x080016fc   0x080016fc   0x00000014   Code   RO         2038    i.PWM0_IRQHandler   ac78xx_pwm.o
    0x08001710   0x08001710   0x00000014   Code   RO         2039    i.PWM1_IRQHandler   ac78xx_pwm.o
    0x08001724   0x08001724   0x00000014   Code   RO         2040    i.PWM2_IRQHandler   ac78xx_pwm.o
    0x08001738   0x08001738   0x00000014   Code   RO         2041    i.PWM3_IRQHandler   ac78xx_pwm.o
    0x0800174c   0x0800174c   0x000000ac   Code   RO          302    i.RGY_Light_Task    demo.o
    0x080017f8   0x080017f8   0x000000c8   Code   RO          243    i.RS485_Init        rs485_driver.o
    0x080018c0   0x080018c0   0x00000018   Code   RO         2222    i.RTC_ClrRPIF       ac78xx_rtc.o
    0x080018d8   0x080018d8   0x00000014   Code   RO         2223    i.RTC_ClrRTIF       ac78xx_rtc.o
    0x080018ec   0x080018ec   0x00000020   Code   RO         2224    i.RTC_IRQHandler    ac78xx_rtc.o
    0x0800190c   0x0800190c   0x000001f0   Code   RO          432    i.SCREENHandle      dmg80480c043_01wtc.o
    0x08001afc   0x08001afc   0x000000c0   Code   RO          433    i.SCREENInit        dmg80480c043_01wtc.o
    0x08001bbc   0x08001bbc   0x000000f4   Code   RO          436    i.SCREENVarMalloc   dmg80480c043_01wtc.o
    0x08001cb0   0x08001cb0   0x000000c8   Code   RO          437    i.SCREENWriteVarCmd  dmg80480c043_01wtc.o
    0x08001d78   0x08001d78   0x00000034   Code   RO          438    i.SCREEN_CLEAR_INF  dmg80480c043_01wtc.o
    0x08001dac   0x08001dac   0x000001a0   Code   RO          439    i.SCREENprintf      dmg80480c043_01wtc.o
    0x08001f4c   0x08001f4c   0x00000020   Code   RO         2298    i.SPI1_IRQHandler   ac78xx_spi.o
    0x08001f6c   0x08001f6c   0x00000020   Code   RO         2299    i.SPI2_IRQHandler   ac78xx_spi.o
    0x08001f8c   0x08001f8c   0x00000064   Code   RO         3395    i.SPM_EnablePLL     ac78xx_spm.o
    0x08001ff0   0x08001ff0   0x00000064   Code   RO         3397    i.SPM_EnableXOSC    ac78xx_spm.o
    0x08002054   0x08002054   0x0000000c   Code   RO         3399    i.SPM_GetModuleWakeupSourceFlag  ac78xx_spm.o
    0x08002060   0x08002060   0x00000044   Code   RO         3400    i.SPM_IRQHandler    ac78xx_spm.o
    0x080020a4   0x080020a4   0x00000010   Code   RO          303    i.SendRequst        demo.o
    0x080020b4   0x080020b4   0x00000070   Code   RO         3541    i.SetEflashClock    system_ac78xx.o
    0x08002124   0x08002124   0x00000064   Code   RO         3543    i.SetHSEClock       system_ac78xx.o
    0x08002188   0x08002188   0x00000008   Code   RO         3545    i.SetSysClock       system_ac78xx.o
    0x08002190   0x08002190   0x0000003c   Code   RO          304    i.Show_Ceiling_Floor_Value_Task  demo.o
    0x080021cc   0x080021cc   0x0000002c   Code   RO          305    i.Show_Torsional_Value_Task  demo.o
    0x080021f8   0x080021f8   0x00000070   Code   RO          306    i.Speaker_Task      demo.o
    0x08002268   0x08002268   0x0000003c   Code   RO          369    i.Sustain_CeilingLed_ON  workmode.o
    0x080022a4   0x080022a4   0x0000003c   Code   RO          370    i.Sustain_FloorLed_ON  workmode.o
    0x080022e0   0x080022e0   0x00000040   Code   RO         3551    i.SysTickDelay      system_ac78xx.o
    0x08002320   0x08002320   0x0000001a   Code   RO         3552    i.SysTickRepeatDelay  system_ac78xx.o
    0x0800233a   0x0800233a   0x0000001a   Code   RO         3553    i.SystemInit        system_ac78xx.o
    0x08002354   0x08002354   0x00000028   Code   RO          156    i.TIM1_Task         timer.o
    0x0800237c   0x0800237c   0x00000018   Code   RO         2750    i.TIMER0_IRQHandler  ac78xx_timer.o
    0x08002394   0x08002394   0x00000018   Code   RO         2751    i.TIMER1_IRQHandler  ac78xx_timer.o
    0x080023ac   0x080023ac   0x00000018   Code   RO         2752    i.TIMER2_IRQHandler  ac78xx_timer.o
    0x080023c4   0x080023c4   0x00000018   Code   RO         2753    i.TIMER3_IRQHandler  ac78xx_timer.o
    0x080023dc   0x080023dc   0x00000018   Code   RO         2754    i.TIMER4_IRQHandler  ac78xx_timer.o
    0x080023f4   0x080023f4   0x00000018   Code   RO         2755    i.TIMER5_IRQHandler  ac78xx_timer.o
    0x0800240c   0x0800240c   0x00000018   Code   RO         2756    i.TIMER6_IRQHandler  ac78xx_timer.o
    0x08002424   0x08002424   0x00000018   Code   RO         2757    i.TIMER7_IRQHandler  ac78xx_timer.o
    0x0800243c   0x0800243c   0x0000000a   Code   RO         2758    i.TIMER_ClrIntFlag  ac78xx_timer.o
    0x08002446   0x08002446   0x0000000a   Code   RO         2760    i.TIMER_GetIntFlag  ac78xx_timer.o
    0x08002450   0x08002450   0x0000009c   Code   RO         2762    i.TIMER_Init        ac78xx_timer.o
    0x080024ec   0x080024ec   0x00000020   Code   RO         2764    i.TIMER_ModuleEnable  ac78xx_timer.o
    0x0800250c   0x0800250c   0x00000018   Code   RO         2765    i.TIMER_SetCallback  ac78xx_timer.o
    0x08002524   0x08002524   0x0000003c   Code   RO          207    i.TaskProcess       round_robin_sche.o
    0x08002560   0x08002560   0x00000064   Code   RO          208    i.TaskRemarks       round_robin_sche.o
    0x080025c4   0x080025c4   0x00000020   Code   RO          307    i.Task_Screen       demo.o
    0x080025e4   0x080025e4   0x0000003c   Code   RO          157    i.Task_Wait_One_Frame  timer.o
    0x08002620   0x08002620   0x00000030   Code   RO          158    i.Task_Wait_Respond_Timeout  timer.o
    0x08002650   0x08002650   0x0000003c   Code   RO          159    i.Timer_Init        timer.o
    0x0800268c   0x0800268c   0x0000000a   Code   RO         2884    i.UART1_IRQHandler  ac78xx_uart.o
    0x08002696   0x08002696   0x0000000a   Code   RO         2885    i.UART2_IRQHandler  ac78xx_uart.o
    0x080026a0   0x080026a0   0x0000000a   Code   RO         2886    i.UART3_IRQHandler  ac78xx_uart.o
    0x080026aa   0x080026aa   0x0000000a   Code   RO         2887    i.UART4_IRQHandler  ac78xx_uart.o
    0x080026b4   0x080026b4   0x0000000a   Code   RO         2888    i.UART5_IRQHandler  ac78xx_uart.o
    0x080026be   0x080026be   0x00000002   PAD
    0x080026c0   0x080026c0   0x0000005c   Code   RO          244    i.UART5_SendString  rs485_driver.o
    0x0800271c   0x0800271c   0x0000000a   Code   RO         2889    i.UART6_IRQHandler  ac78xx_uart.o
    0x08002726   0x08002726   0x00000002   PAD
    0x08002728   0x08002728   0x000000c0   Code   RO          245    i.UART_IRQHandler   rs485_driver.o
    0x080027e8   0x080027e8   0x00000144   Code   RO         2893    i.UART_Init         ac78xx_uart.o
    0x0800292c   0x0800292c   0x0000004c   Code   RO         2894    i.UART_InterruptHandler  ac78xx_uart.o
    0x08002978   0x08002978   0x0000002c   Code   RO          440    i.UART_SendData     dmg80480c043_01wtc.o
    0x080029a4   0x080029a4   0x000000cc   Code   RO         2895    i.UART_SetBaudrate  ac78xx_uart.o
    0x08002a70   0x08002a70   0x00000078   Code   RO         2896    i.UART_SetDataBits  ac78xx_uart.o
    0x08002ae8   0x08002ae8   0x00000038   Code   RO         2897    i.UART_SetEventCallback  ac78xx_uart.o
    0x08002b20   0x08002b20   0x00000066   Code   RO         2898    i.UART_SetParity    ac78xx_uart.o
    0x08002b86   0x08002b86   0x00000002   PAD
    0x08002b88   0x08002b88   0x000000a0   Code   RO          441    i.Uart6_IRQHandler  dmg80480c043_01wtc.o
    0x08002c28   0x08002c28   0x00000038   Code   RO          540    i.VarMalloc         varmalloc.o
    0x08002c60   0x08002c60   0x0000002c   Code   RO         3048    i.Watchdog_IRQHandler  ac78xx_wdg.o
    0x08002c8c   0x08002c8c   0x0000001e   Code   RO         3554    i.WriteBitsValue    system_ac78xx.o
    0x08002caa   0x08002caa   0x00000002   PAD
    0x08002cac   0x08002cac   0x00000020   Code   RO         3850    i.__0printf$5       mc_w.l(printf5.o)
    0x08002ccc   0x08002ccc   0x00000024   Code   RO         2767    i.__NVIC_DisableIRQ  ac78xx_timer.o
    0x08002cf0   0x08002cf0   0x0000000e   Code   RO         4071    i.__scatterload_copy  mc_w.l(handlers.o)
    0x08002cfe   0x08002cfe   0x00000002   Code   RO         4072    i.__scatterload_null  mc_w.l(handlers.o)
    0x08002d00   0x08002d00   0x0000000e   Code   RO         4073    i.__scatterload_zeroinit  mc_w.l(handlers.o)
    0x08002d0e   0x08002d0e   0x00000002   PAD
    0x08002d10   0x08002d10   0x000002c0   Code   RO         3857    i._printf_core      mc_w.l(printf5.o)
    0x08002fd0   0x08002fd0   0x00000040   Code   RO          598    i.fputc             ac78xx_debugout.o
    0x08003010   0x08003010   0x00000062   Code   RO          442    i.itoa              dmg80480c043_01wtc.o
    0x08003072   0x08003072   0x00000020   Code   RO            4    i.main              main.o
    0x08003092   0x08003092   0x00000002   PAD
    0x08003094   0x08003094   0x0000006c   Code   RO         3979    i.malloc            mc_w.l(malloc.o)
    0x08003100   0x08003100   0x00000024   Code   RO         3556    i.mdelay            system_ac78xx.o
    0x08003124   0x08003124   0x00000024   Code   RO         3557    i.udelay            system_ac78xx.o
    0x08003148   0x08003148   0x00000230   Data   RO         1336    .constdata          ac78xx_gpio.o
    0x08003378   0x08003378   0x00000028   Data   RO         2769    .constdata          ac78xx_timer.o
    0x080033a0   0x080033a0   0x00000060   Data   RO         2907    .constdata          ac78xx_uart.o
    0x08003400   0x08003400   0x00000020   Data   RO         4069    Region$$Table       anon$$obj.o


    Execution Region RW_IRAM1 (Exec base: 0x20000000, Load base: 0x08003420, Size: 0x00004be0, Max: 0x00008000, ABSOLUTE, COMPRESSED[0x00000058])

    Exec Addr    Load Addr    Size         Type   Attr      Idx    E Section Name        Object

    0x20000000   COMPRESSED   0x00000002   Data   RW          116    .data               led.o
    0x20000002   COMPRESSED   0x00000002   PAD
    0x20000004   COMPRESSED   0x00000054   Data   RW          209    .data               round_robin_sche.o
    0x20000058   COMPRESSED   0x00000003   Data   RW          246    .data               rs485_driver.o
    0x2000005b   COMPRESSED   0x00000001   PAD
    0x2000005c   COMPRESSED   0x00000016   Data   RW          308    .data               demo.o
    0x20000072   COMPRESSED   0x00000002   PAD
    0x20000074   COMPRESSED   0x00000018   Data   RW          371    .data               workmode.o
    0x2000008c   COMPRESSED   0x00000014   Data   RW          444    .data               dmg80480c043_01wtc.o
    0x200000a0   COMPRESSED   0x00000008   Data   RW          541    .data               varmalloc.o
    0x200000a8   COMPRESSED   0x00000008   Data   RW          600    .data               ac78xx_debugout.o
    0x200000b0   COMPRESSED   0x00000008   Data   RW          681    .data               ac78xx_acmp.o
    0x200000b8   COMPRESSED   0x00000004   Data   RW          787    .data               ac78xx_adc.o
    0x200000bc   COMPRESSED   0x00000030   Data   RW         1612    .data               ac78xx_i2c.o
    0x200000ec   COMPRESSED   0x00000004   Data   RW         1890    .data               ac78xx_lin.o
    0x200000f0   COMPRESSED   0x00000004   Data   RW         1957    .data               ac78xx_pwdt.o
    0x200000f4   COMPRESSED   0x00000008   Data   RW         2229    .data               ac78xx_rtc.o
    0x200000fc   COMPRESSED   0x00000030   Data   RW         2336    .data               ac78xx_spi.o
    0x2000012c   COMPRESSED   0x00000004   Data   RW         3050    .data               ac78xx_wdg.o
    0x20000130   COMPRESSED   0x00000004   Data   RW         3406    .data               ac78xx_spm.o
    0x20000134   COMPRESSED   0x00000008   Data   RW         3558    .data               system_ac78xx.o
    0x2000013c   COMPRESSED   0x00000004   Data   RW         4046    .data               mc_w.l(mvars.o)
    0x20000140   COMPRESSED   0x00000004   Data   RW         4047    .data               mc_w.l(mvars.o)
    0x20000144        -       0x00000064   Zero   RW          115    .bss                led.o
    0x200001a8        -       0x00000190   Zero   RW          443    .bss                dmg80480c043_01wtc.o
    0x20000338        -       0x00000010   Zero   RW          912    .bss                ac78xx_can.o
    0x20000348        -       0x00000034   Zero   RW         1145    .bss                ac78xx_dma.o
    0x2000037c        -       0x0000001c   Zero   RW         1335    .bss                ac78xx_gpio.o
    0x20000398        -       0x00000010   Zero   RW         2064    .bss                ac78xx_pwm.o
    0x200003a8        -       0x00000020   Zero   RW         2768    .bss                ac78xx_timer.o
    0x200003c8        -       0x00000018   Zero   RW         2906    .bss                ac78xx_uart.o
    0x200003e0        -       0x00000000   Zero   RW         3522    HEAP                startup_ac78xx.o
    0x200003e0        -       0x00004800   Zero   RW         3521    STACK               startup_ac78xx.o


==============================================================================

Image component sizes


      Code (inc. data)   RO Data    RW Data    ZI Data      Debug   Object Name

        40          8          0          8          0       3962   ac78xx_acmp.o
        20          4          0          4          0       4645   ac78xx_adc.o
       264         20          0          0         16      10104   ac78xx_can.o
       312         26          0          0          0       5647   ac78xx_ckgen.o
        64         10          0          8          0       9990   ac78xx_debugout.o
       528        120          0          0         52      15049   ac78xx_dma.o
      2114        192        560          0         28      25658   ac78xx_gpio.o
        84         20          0         48          0      44166   ac78xx_i2c.o
        92         10          0          4          0       1583   ac78xx_lin.o
        20          4          0          4          0       2838   ac78xx_pwdt.o
        80         16          0          0         16      24176   ac78xx_pwm.o
       160         22          0          8          0       6004   ac78xx_rtc.o
        64         20          0         48          0       7501   ac78xx_spi.o
       372         34          0          4          0       3664   ac78xx_spm.o
       460         82         40          0         32      12376   ac78xx_timer.o
       942         38         96          0         24      16504   ac78xx_uart.o
        44          8          0          4          0       4532   ac78xx_wdg.o
       588         92          0         22          0       4686   demo.o
      1902        120          0         20        400      18287   dmg80480c043_01wtc.o
       240         30          0          2        100       2225   led.o
        32          0          0          0          0      12268   main.o
       160         10          0         84          0       1696   round_robin_sche.o
       484         40          0          3          0      40326   rs485_driver.o
        76         20        284          0      18432        804   startup_ac78xx.o
       470         30          0          8          0       6333   system_ac78xx.o
       208         24          0          0          0       4755   timer.o
        56          6          0          8          0       1771   varmalloc.o
       388         76          0         24          0       2319   workmode.o
       136          0          0          0          0       1026   wtn6040.o

    ----------------------------------------------------------------------
     10412       1082       1012        316      19100     294895   Object Totals
         0          0         32          0          0          0   (incl. Generated)
        12          0          0          5          0          0   (incl. Padding)

    ----------------------------------------------------------------------

      Code (inc. data)   RO Data    RW Data    ZI Data      Debug   Library Member Name

        86          0          0          0          0          0   __dczerorl2.o
         0          0          0          0          0          0   entry.o
         0          0          0          0          0          0   entry10a.o
         0          0          0          0          0          0   entry11a.o
         4          0          0          0          0          0   entry12b.o
         8          4          0          0          0          0   entry2.o
         4          0          0          0          0          0   entry5.o
         0          0          0          0          0          0   entry7b.o
         0          0          0          0          0          0   entry8b.o
         8          4          0          0          0          0   entry9a.o
        30          0          0          0          0          0   handlers.o
        36          8          0          0          0         68   init.o
         0          0          0          0          0          0   iusefp.o
        30          0          0          0          0         68   llshl.o
        32          0          0          0          0         68   llushr.o
       108         16          0          0          0         84   malloc.o
        36          0          0          0          0         68   memcpya.o
        36          0          0          0          0        108   memseta.o
         0          0          0          8          0          0   mvars.o
       736         54          0          0          0        184   printf5.o
        98          0          0          0          0         92   uldiv.o
        20          0          0          0          0         68   cfcmple.o
        20          0          0          0          0         68   cfrcmple.o
       176          0          0          0          0        140   fadd.o
       124          0          0          0          0         88   fdiv.o
       110          0          0          0          0        168   fepilogue.o
        40          0          0          0          0         68   ffixui.o
        44          0          0          0          0         68   ffixul.o
        18          0          0          0          0         68   fflti.o
        10          0          0          0          0         68   ffltui.o
       100          0          0          0          0         76   fmul.o

    ----------------------------------------------------------------------
      1920         86          0          8          0       1620   Library Totals
         6          0          0          0          0          0   (incl. Padding)

    ----------------------------------------------------------------------

      Code (inc. data)   RO Data    RW Data    ZI Data      Debug   Library Name

      1252         86          0          8          0        740   mc_w.l
       662          0          0          0          0        880   mf_w.l

    ----------------------------------------------------------------------
      1920         86          0          8          0       1620   Library Totals

    ----------------------------------------------------------------------

==============================================================================


      Code (inc. data)   RO Data    RW Data    ZI Data      Debug   

     12332       1168       1012        324      19100     288531   Grand Totals
     12332       1168       1012         88      19100     288531   ELF Image Totals (compressed)
     12332       1168       1012         88          0          0   ROM Totals

==============================================================================

    Total RO  Size (Code + RO Data)                13344 (  13.03kB)
    Total RW  Size (RW Data + ZI Data)             19424 (  18.97kB)
    Total ROM Size (Code + RO Data + RW Data)      13432 (  13.12kB)

==============================================================================

